******************************************************************************
                  TI ARM Linker PC v20.2.7                     
******************************************************************************
>> Linked Sat Mar  4 12:29:34 2023

OUTPUT FILE NAME:   <empty_EK_TM4C123GXL_TI.out>
ENTRY POINT SYMBOL: "_c_int00"  address: 00003e01


MEMORY CONFIGURATION

         name            origin    length      used     unused   attr    fill
----------------------  --------  ---------  --------  --------  ----  --------
  FLASH                 00000000   00040000  000077c8  00038838  R  X
  SRAM                  20000000   00008000  00001e16  000061ea  RW X


SEGMENT ALLOCATION MAP

run origin  load origin   length   init length attrs members
----------  ----------- ---------- ----------- ----- -------
00000000    00000000    000077d0   000077d0    r-x
  00000000    00000000    0000003c   0000003c    r-- .resetVecs
  00000040    00000040    0000567a   0000567a    r-x .text
  000056bc    000056bc    00001efa   00001efa    r-- .const
  000075b8    000075b8    00000218   00000218    r-- .cinit
20000000    20000000    00001e18   00000000    rw-
  20000000    20000000    00000360   00000000    rw- .vecs
  20000360    20000360    00001394   00000000    rw- .bss
  200016f4    200016f4    00000422   00000000    rw- .data
  20001b18    20001b18    00000300   00000000    rw- .stack


SECTION ALLOCATION MAP

 output                                  attributes/
section   page    origin      length       input sections
--------  ----  ----------  ----------   ----------------
.text      0    00000040    0000567a     
                  00000040    00000430     sysbios.aem4f : BIOS.obj (.text:ti_sysbios_family_arm_m3_Hwi_excDumpRegs__I)
                  00000470    0000034c     ti.targets.arm.rtsarm.aem4f : System.oem4f (.text:xdc_runtime_System_doPrint__I)
                  000007bc    00000004     rtsv7M4_T_le_v4SPD16_eabi.lib : exit.c.obj (.text:abort:abort)
                  000007c0    000002d0     sysbios.aem4f : BIOS.obj (.text:ti_sysbios_knl_Semaphore_pend__E)
                  00000a90    0000026c                   : BIOS.obj (.text:ti_sysbios_heaps_HeapMem_free__E)
                  00000cfc    00000004     empty_pem4f.oem4f (.text:ti_sysbios_BIOS_RtsGateProxy_enter__E)
                  00000d00    00000250     sysbios.aem4f : BIOS.obj (.text:ti_sysbios_heaps_HeapMem_alloc__E)
                  00000f50    00000234                   : BIOS.obj (.text:ti_sysbios_knl_Task_Instance_finalize__E)
                  00001184    00000004     empty_pem4f.oem4f (.text:ti_sysbios_BIOS_RtsGateProxy_leave__E)
                  00001188    000001f4     sysbios.aem4f : BIOS.obj (.text:ti_sysbios_family_arm_m3_Hwi_excHandlerMax__I)
                  0000137c    00000004                   : BIOS.obj (.text:ti_sysbios_family_arm_lm4_Timer_masterEnable__I)
                  00001380    000001f0                   : BIOS.obj (.text:ti_sysbios_knl_Task_sleep__E)
                  00001570    000001c0                   : BIOS.obj (.text:ti_sysbios_knl_Task_Instance_init__E)
                  00001730    00000178     empty.obj (.text:main)
                  000018a8    00000174     sysbios.aem4f : BIOS.obj (.text:ti_sysbios_family_arm_m3_Hwi_excBusFault__I)
                  00001a1c    00000004     empty_pem4f.oem4f (.text:ti_sysbios_family_arm_m3_TaskSupport_Module__startupDone__S)
                  00001a20    00000164     sysbios.aem4f : BIOS.obj (.text:ti_sysbios_family_arm_m3_Hwi_excUsageFault__I)
                  00001b84    00000150     drivers_tivaware.aem4f : GPIOTiva.oem4f (.text:GPIO_setConfig)
                  00001cd4    00000004     empty_pem4f.oem4f (.text:ti_sysbios_heaps_HeapMem_Module_GateProxy_enter__E)
                  00001cd8    00000148     sysbios.aem4f : BIOS.obj (.text:ti_sysbios_family_arm_m3_Hwi_excMemFault__I)
                  00001e20    0000013c                   : BIOS.obj (.text:ti_sysbios_heaps_HeapMem_Instance_init__E)
                  00001f5c    00000004     empty_pem4f.oem4f (.text:ti_sysbios_heaps_HeapMem_Module_GateProxy_leave__E)
                  00001f60    00000134     sysbios.aem4f : BIOS.obj (.text:ti_sysbios_family_arm_lm4_Timer_start__E)
                  00002094    00000130     driverlib.lib : gpio.obj (.text:GPIOPadConfigSet)
                  000021c4    00000118     ti.targets.arm.rtsarm.aem4f : Error.oem4f (.text:xdc_runtime_Error_policyDefault__E)
                  000022dc    0000010c     driverlib.lib : sysctl.obj (.text:SysCtlClockGet)
                  000023e8    00000100     Boot.aem4f : Boot_sysctl.oem4f (.text:ti_catalog_arm_cortexm4_tiva_ce_Boot_sysCtlClockSetI__I)
                  000024e8    00000100     ti.targets.arm.rtsarm.aem4f : Core-mem.oem4f (.text:xdc_runtime_Core_createObject__I)
                  000025e8    000000f8                                 : Startup.oem4f (.text:xdc_runtime_Startup_startMods__I)
                  000026e0    000000f8     empty_pem4f.oem4f (.text:xdc_runtime_System_printfExtend__I)
                  000027d8    000000f4     sysbios.aem4f : m3_Hwi_asm.obj (.text:ti_sysbios_family_arm_m3_Hwi_dispatch__I)
                  000028cc    00000004     empty_pem4f.oem4f (.text:ti_sysbios_knl_Clock_TimerProxy_getMaxTicks__E)
                  000028d0    000000ec     sysbios.aem4f : BIOS.obj (.text:ti_sysbios_knl_Semaphore_post__E)
                  000029bc    000000cc     ti.targets.arm.rtsarm.aem4f : Core-smem.oem4f (.text:xdc_runtime_Core_constructObject__I)
                  00002a88    000000bc     sysbios.aem4f : BIOS.obj (.text:ti_sysbios_family_arm_m3_Hwi_excDebugMon__I)
                  00002b44    00000004     empty_pem4f.oem4f (.text:ti_sysbios_knl_Queue_destruct)
                  00002b48    000000bc     sysbios.aem4f : BIOS.obj (.text:ti_sysbios_family_arm_m3_Hwi_excHardFault__I)
                  00002c04    00000004     empty_pem4f.oem4f (.text:ti_sysbios_knl_Semaphore_destruct)
                  00002c08    000000b4     sysbios.aem4f : BIOS.obj (.text:ti_sysbios_gates_GateMutex_enter__E)
                  00002cbc    00000004     ti.targets.arm.rtsarm.aem4f : Error.oem4f (.text:xdc_runtime_Error_getSite__E)
                  00002cc0    000000b4     sysbios.aem4f : BIOS.obj (.text:ti_sysbios_knl_Task_checkStacks__E)
                  00002d74    00000004     empty_pem4f.oem4f (.text:xdc_runtime_System_Module_GateProxy_enter__E)
                  00002d78    000000ac     sysbios.aem4f : BIOS.obj (.text:ti_sysbios_family_arm_lm4_Timer_enableTiva__I)
                  00002e24    00000004     empty_pem4f.oem4f (.text:xdc_runtime_System_Module_GateProxy_leave__E)
                  00002e28    000000a8     sysbios.aem4f : BIOS.obj (.text:ti_sysbios_family_arm_lm4_Timer_enableTimers__I)
                  00002ed0    000000a8                   : BIOS.obj (.text:ti_sysbios_knl_Task_postInit__I)
                  00002f78    000000a0     auto_init.aem4f : auto_init.oem4f (.text)
                  00003018    000000a0     ti.targets.arm.rtsarm.aem4f : Text.oem4f (.text:xdc_runtime_Text_putMod__E)
                  000030b8    0000009c     rtsv7M4_T_le_v4SPD16_eabi.lib : memcpy_t2.asm.obj (.text)
                  00003154    00000004     ti.targets.arm.rtsarm.aem4f : System.oem4f (.text:xdc_runtime_System_aprintf_va__F)
                  00003158    0000009c     sysbios.aem4f : BIOS.obj (.text:ti_sysbios_knl_Semaphore_Instance_init__E)
                  000031f4    0000009a     ti.targets.arm.rtsarm.aem4f : Text.oem4f (.text:xdc_runtime_Text_putSite__E)
                  0000328e    00000002     rtsv7M4_T_le_v4SPD16_eabi.lib : _lock.c.obj (.text:_nop)
                  00003290    00000098     Boot.aem4f : Boot.oem4f (.text:ti_catalog_arm_cortexm4_tiva_ce_Boot_sysCtlClockSet__E)
                  00003328    00000094     sysbios.aem4f : BIOS.obj (.text:ti_sysbios_family_arm_m3_Hwi_Instance_init__E)
                  000033bc    00000004     ti.targets.arm.rtsarm.aem4f : System.oem4f (.text:xdc_runtime_System_printf_va__F)
                  000033c0    00000094     sysbios.aem4f : BIOS.obj (.text:ti_sysbios_family_arm_m3_Hwi_initNVIC__E)
                  00003454    0000008c     drivers_tivaware.aem4f : GPIOTiva.oem4f (.text:GPIO_init)
                  000034e0    0000008c     sysbios.aem4f : m3_TaskSupport_asm.obj (.text:ti_sysbios_family_arm_m3_TaskSupport_buildTaskStack)
                  0000356c    00000002     rtsv7M4_T_le_v4SPD16_eabi.lib : div0.asm.obj (.text)
                  0000356e    00000002     empty_pem4f.oem4f (.text:ti_sysbios_BIOS_nullFunc__I)
                  00003570    00000084     sysbios.aem4f : BIOS.obj (.text:ti_sysbios_family_arm_m3_Hwi_postInit__I)
                  000035f4    0000007a     rtsv7M4_T_le_v4SPD16_eabi.lib : memset_t2.asm.obj (.text)
                  0000366e    00000002     empty_pem4f.oem4f (.text:xdc_runtime_Startup_reset__I)
                  00003670    00000070     sysbios.aem4f : BIOS.obj (.text:ti_sysbios_knl_Clock_workFunc__E)
                  000036e0    00000070                   : BIOS.obj (.text:ti_sysbios_knl_Task_exit__E)
                  00003750    0000006d     ti.targets.arm.rtsarm.aem4f : System.oem4f (.text:xdc_runtime_System_formatNum__I)
                  000037bd    00000003     --HOLE-- [fill = 0]
                  000037c0    0000006c     sysbios.aem4f : BIOS.obj (.text:ti_sysbios_knl_Swi_restoreHwi__E)
                  0000382c    0000006c     ti.targets.arm.rtsarm.aem4f : Error.oem4f (.text:xdc_runtime_Error_print__E)
                  00003898    0000006c                                 : Memory.oem4f (.text:xdc_runtime_Memory_alloc__E)
                  00003904    00000068     rtsv7M4_T_le_v4SPD16_eabi.lib : copy_decompress_lzss.c.obj (.text:decompress:lzss:__TI_decompress_lzss)
                  0000396c    00000066     ti.targets.arm.rtsarm.aem4f : Core-mem.oem4f (.text:xdc_runtime_Core_deleteObject__I)
                  000039d2    00000002     --HOLE-- [fill = 0]
                  000039d4    00000064     drivers_tivaware.aem4f : GPIOTiva.oem4f (.text:GPIO_hwiIntFxn)
                  00003a38    00000064     sysbios.aem4f : BIOS.obj (.text:ti_sysbios_family_arm_lm4_Timer_Module_startup__E)
                  00003a9c    00000064     empty_pem4f.oem4f (.text:ti_sysbios_family_arm_m3_Hwi_create)
                  00003b00    00000064     sysbios.aem4f : BIOS.obj (.text:ti_sysbios_family_arm_m3_Hwi_dispatchC__I)
                  00003b64    00000004     --HOLE-- [fill = 0]
                  00003b68    00000060                   : BIOS.obj (.text:ti_sysbios_family_arm_lm4_Timer_isrStub__E)
                  00003bc8    00000060                   : BIOS.obj (.text:ti_sysbios_knl_Task_schedule__I)
                  00003c28    0000005c                   : BIOS.obj (.text:ti_sysbios_knl_Swi_run__I)
                  00003c84    00000004     --HOLE-- [fill = 0]
                  00003c88    0000005c                   : BIOS.obj (.text:ti_sysbios_knl_Swi_schedule__I)
                  00003ce4    00000004     --HOLE-- [fill = 0]
                  00003ce8    0000005c                   : BIOS.obj (.text:ti_sysbios_knl_Task_Module_startup__E)
                  00003d44    00000004     --HOLE-- [fill = 0]
                  00003d48    0000005c                   : BIOS.obj (.text:ti_sysbios_knl_Task_startCore__E)
                  00003da4    0000005b     ti.targets.arm.rtsarm.aem4f : Text.oem4f (.text:xdc_runtime_Text_putLab__E)
                  00003dff    00000001     --HOLE-- [fill = 0]
                  00003e00    00000058     boot.aem4f : boot.oem4f (.text)
                  00003e58    00000058     rtsv7M4_T_le_v4SPD16_eabi.lib : hostwrite.c.obj (.text:HOSTwrite)
                  00003eb0    00000058     sysbios.aem4f : m3_Hwi_asm_switch.obj (.text:ti_sysbios_family_arm_m3_Hwi_initStacks__E)
                  00003f08    00000056     driverlib.lib : gpio.obj (.text:GPIOIntTypeSet)
                  00003f5e    00000002     --HOLE-- [fill = 0]
                  00003f60    00000054     empty_pem4f.oem4f (.text:ti_sysbios_knl_Task_construct)
                  00003fb4    00000054     ti.targets.arm.rtsarm.aem4f : Assert.oem4f (.text:xdc_runtime_Assert_raise__I)
                  00004008    00000050     drivers_tivaware.aem4f : GPIOTiva.oem4f (.text:GPIO_setCallback)
                  00004058    00000050                            : GPIOTiva.oem4f (.text:GPIO_toggle)
                  000040a8    00000050     sysbios.aem4f : BIOS.obj (.text:ti_sysbios_family_arm_m3_Hwi_Module_startup__E)
                  000040f8    00000050     ti.targets.arm.rtsarm.aem4f : Startup.oem4f (.text:xdc_runtime_Startup_exec__E)
                  00004148    00000050                                 : Text.oem4f (.text:xdc_runtime_Text_visitRope2__I)
                  00004198    0000004c     rtsv7M4_T_le_v4SPD16_eabi.lib : cpy_tbl.c.obj (.text:copy_in)
                  000041e4    00000004     --HOLE-- [fill = 0]
                  000041e8    0000004c     sysbios.aem4f : BIOS.obj (.text:ti_sysbios_heaps_HeapMem_getStats__E)
                  00004234    00000004     --HOLE-- [fill = 0]
                  00004238    0000004c                   : BIOS.obj (.text:ti_sysbios_knl_Swi_runLoop__I)
                  00004284    00000004     --HOLE-- [fill = 0]
                  00004288    0000004c                   : BIOS.obj (.text:ti_sysbios_knl_Task_allBlockedFunction__I)
                  000042d4    00000004     --HOLE-- [fill = 0]
                  000042d8    00000048                   : BIOS.obj (.text:ti_sysbios_family_arm_m3_Hwi_disableInterrupt__E)
                  00004320    00000048                   : BIOS.obj (.text:ti_sysbios_family_arm_m3_Hwi_enableInterrupt__E)
                  00004368    00000048                   : BIOS.obj (.text:ti_sysbios_family_arm_m3_Hwi_excReserved__I)
                  000043b0    00000046     ti.targets.arm.rtsarm.aem4f : Core-params.oem4f (.text:xdc_runtime_Core_assignParams__I)
                  000043f6    00000002     --HOLE-- [fill = 0]
                  000043f8    00000044     sysbios.aem4f : BIOS.obj (.text:ti_sysbios_family_arm_m3_Hwi_getStackInfo__E)
                  0000443c    00000004     --HOLE-- [fill = 0]
                  00004440    00000044                   : BIOS.obj (.text:ti_sysbios_knl_Swi_post__E)
                  00004484    00000044     ti.targets.arm.rtsarm.aem4f : Error.oem4f (.text:xdc_runtime_Error_setX__E)
                  000044c8    00000044                                 : SysMin.oem4f (.text:xdc_runtime_SysMin_flush__E)
                  0000450c    00000044                                 : Text.oem4f (.text:xdc_runtime_Text_xprintf__I)
                  00004550    00000040     EK_TM4C123GXL.obj (.text:EK_TM4C123GXL_initGeneral)
                  00004590    00000040     rtsv7M4_T_le_v4SPD16_eabi.lib : u_divt2.asm.obj (.text)
                  000045d0    00000040     sysbios.aem4f : BIOS.obj (.text:ti_sysbios_family_arm_lm4_Timer_startup__E)
                  00004610    0000003c                   : BIOS.obj (.text:ti_sysbios_family_arm_m3_Hwi_excSvCall__I)
                  0000464c    00000004     --HOLE-- [fill = 0]
                  00004650    0000003c                   : BIOS.obj (.text:ti_sysbios_heaps_HeapMem_init__I)
                  0000468c    00000004     --HOLE-- [fill = 0]
                  00004690    0000003c                   : BIOS.obj (.text:ti_sysbios_knl_Swi_restore__E)
                  000046cc    00000038     rtsv7M4_T_le_v4SPD16_eabi.lib : trgmsg.c.obj (.text:__TI_writemsg)
                  00004704    00000004     --HOLE-- [fill = 0]
                  00004708    00000038     sysbios.aem4f : BIOS.obj (.text:ti_sysbios_family_arm_m3_Hwi_excNoIsr__I)
                  00004740    00000038                   : BIOS.obj (.text:ti_sysbios_knl_Task_processVitalTaskFlag__I)
                  00004778    00000038     ti.targets.arm.rtsarm.aem4f : SysMin.oem4f (.text:xdc_runtime_SysMin_putch__E)
                  000047b0    00000038                                 : System.oem4f (.text:xdc_runtime_System_atexit__E)
                  000047e8    00000034     driverlib.lib : sysctl.obj (.text:SysCtlPeripheralEnable)
                  0000481c    00000034     rtsv7M4_T_le_v4SPD16_eabi.lib : trgmsg.c.obj (.text:__TI_readmsg)
                  00004850    00000034     sysbios.aem4f : BIOS.obj (.text:ti_sysbios_family_arm_m3_Hwi_Instance_finalize__E)
                  00004884    00000004     --HOLE-- [fill = 0]
                  00004888    00000034                   : BIOS.obj (.text:ti_sysbios_family_arm_m3_Hwi_excNmi__I)
                  000048bc    00000004     --HOLE-- [fill = 0]
                  000048c0    00000034                   : BIOS.obj (.text:ti_sysbios_hal_Hwi_checkStack)
                  000048f4    00000034     ti.targets.arm.rtsarm.aem4f : Core-label.oem4f (.text:xdc_runtime_Core_assignLabel__I)
                  00004928    00000033                                 : Text.oem4f (.text:xdc_runtime_Text_printVisFxn__I)
                  0000495b    00000005     --HOLE-- [fill = 0]
                  00004960    00000032     sysbios.aem4f : BIOS.obj (.text:ti_sysbios_hal_Hwi_initStack)
                  00004992    00000002     --HOLE-- [fill = 0]
                  00004994    00000030     EK_TM4C123GXL.obj (.text:EK_TM4C123GXL_initGPIO)
                  000049c4    00000030     empty_pem4f.oem4f (.text:ti_sysbios_BIOS_atExitFunc__I)
                  000049f4    00000004     --HOLE-- [fill = 0]
                  000049f8    00000030     sysbios.aem4f : BIOS.obj (.text:ti_sysbios_family_arm_lm4_Timer_stop__E)
                  00004a28    00000030                   : BIOS.obj (.text:ti_sysbios_family_arm_m3_TaskSupport_start__E)
                  00004a58    00000030     empty_pem4f.oem4f (.text:ti_sysbios_gates_GateHwi_Object__create__S)
                  00004a88    00000030     empty_pem4f.oem4f (.text:ti_sysbios_gates_GateMutex_Object__create__S)
                  00004ab8    00000030     empty_pem4f.oem4f (.text:ti_sysbios_heaps_HeapMem_Object__create__S)
                  00004ae8    00000030     empty_pem4f.oem4f (.text:ti_sysbios_knl_Semaphore_construct)
                  00004b18    00000030     sysbios.aem4f : BIOS.obj (.text:ti_sysbios_knl_Semaphore_pendTimeout__I)
                  00004b48    00000030                   : BIOS.obj (.text:ti_sysbios_knl_Task_unblockI__E)
                  00004b78    00000030     ti.targets.arm.rtsarm.aem4f : SysMin.oem4f (.text:xdc_runtime_SysMin_abort__E)
                  00004ba8    00000030                                 : System.oem4f (.text:xdc_runtime_System_processAtExit__E)
                  00004bd8    0000002c     empty_pem4f.oem4f (.text:ti_sysbios_knl_Clock_doTick__I)
                  00004c04    0000002c     empty_pem4f.oem4f (.text:ti_sysbios_knl_Queue_construct)
                  00004c30    0000002c     sysbios.aem4f : BIOS.obj (.text:ti_sysbios_knl_Task_restore__E)
                  00004c5c    0000002c     ti.targets.arm.rtsarm.aem4f : Text.oem4f (.text:xdc_runtime_Text_cordText__E)
                  00004c88    0000002a     driverlib.lib : gpio.obj (.text:GPIODirModeSet)
                  00004cb2    0000002a     ti.targets.arm.rtsarm.aem4f : System.oem4f (.text:xdc_runtime_System_putchar__I)
                  00004cdc    00000004     --HOLE-- [fill = 0]
                  00004ce0    00000028     sysbios.aem4f : BIOS.obj (.text:ti_sysbios_knl_Swi_Module_startup__E)
                  00004d08    00000026                   : m3_Hwi_asm.obj (.text:ti_sysbios_family_arm_m3_Hwi_pendSV__I)
                  00004d2e    00000026     ti.targets.arm.rtsarm.aem4f : System.oem4f (.text:xdc_runtime_System_avprintf__E)
                  00004d54    00000024     empty_pem4f.oem4f (.text:ti_sysbios_BIOS_errorRaiseHook__I)
                  00004d78    00000024     empty_pem4f.oem4f (.text:ti_sysbios_BIOS_registerRTSLock__I)
                  00004d9c    00000024     empty_pem4f.oem4f (.text:ti_sysbios_BIOS_removeRTSLock__I)
                  00004dc0    00000024     empty_pem4f.oem4f (.text:ti_sysbios_BIOS_startFunc__I)
                  00004de4    00000024     empty_pem4f.oem4f (.text:ti_sysbios_gates_GateMutex_Object__delete__S)
                  00004e08    00000024     sysbios.aem4f : BIOS.obj (.text:ti_sysbios_knl_Clock_Module_startup__E)
                  00004e2c    00000004     --HOLE-- [fill = 0]
                  00004e30    00000024                   : BIOS.obj (.text:ti_sysbios_knl_Task_restoreHwi__E)
                  00004e54    00000024     ti.targets.arm.rtsarm.aem4f : System.oem4f (.text:xdc_runtime_System_vprintf__E)
                  00004e78    00000022     sysbios.aem4f : BIOS.obj (.text:ti_sysbios_family_arm_lm4_Timer_write__I)
                  00004e9a    00000022     empty_pem4f.oem4f (.text:xdc_runtime_SysMin_output__I)
                  00004ebc    00000020     empty_pem4f.oem4f (.text:ti_sysbios_BIOS_rtsLock__I)
                  00004edc    00000020     sysbios.aem4f : m3_Hwi_asm.obj (.text:ti_sysbios_family_arm_m3_Hwi_excHandlerAsm__I)
                  00004efc    00000004     --HOLE-- [fill = 0]
                  00004f00    00000020                   : BIOS.obj (.text:ti_sysbios_family_arm_m3_Hwi_excHandler__I)
                  00004f20    00000020     empty_pem4f.oem4f (.text:ti_sysbios_gates_GateHwi_Object__delete__S)
                  00004f40    00000020     empty_pem4f.oem4f (.text:ti_sysbios_heaps_HeapMem_Object__delete__S)
                  00004f60    00000020     sysbios.aem4f : BIOS.obj (.text:ti_sysbios_knl_Idle_run__E)
                  00004f80    00000020     empty_pem4f.oem4f (.text:ti_sysbios_knl_Semaphore_Object__destruct__S)
                  00004fa0    00000020     ti.targets.arm.rtsarm.aem4f : Registry.oem4f (.text:xdc_runtime_Registry_findById__E)
                  00004fc0    00000020                                 : SysMin.oem4f (.text:xdc_runtime_SysMin_Module_startup__E)
                  00004fe0    0000001e     sysbios.aem4f : m3_Hwi_asm_switch.obj (.text:ti_sysbios_family_xxx_Hwi_switchAndRunFunc)
                  00004ffe    0000001c     drivers_tivaware.aem4f : GPIOTiva.oem4f (.text:getGpioIntIndex)
                  0000501a    00000006     driverlib.lib : gpio.obj (.text:GPIOIntClear)
                  00005020    0000001c     sysbios.aem4f : BIOS.obj (.text:ti_sysbios_gates_GateMutex_Instance_init__E)
                  0000503c    0000001c     empty_pem4f.oem4f (.text:ti_sysbios_knl_Queue_Object__destruct__S)
                  00005058    0000001c     sysbios.aem4f : BIOS.obj (.text:ti_sysbios_knl_Task_enter__I)
                  00005074    0000001c     ti.targets.arm.rtsarm.aem4f : Error.oem4f (.text:xdc_runtime_Error_raiseX__E)
                  00005090    0000001c                                 : Memory.oem4f (.text:xdc_runtime_Memory_valloc__E)
                  000050ac    0000001c                                 : SysMin.oem4f (.text:xdc_runtime_SysMin_exit__E)
                  000050c8    0000001c                                 : System.oem4f (.text:xdc_runtime_System_abort__E)
                  000050e4    0000001a     empty_pem4f.oem4f (.text:ti_sysbios_family_arm_m3_Hwi_Handle__label__S)
                  000050fe    0000001a     empty_pem4f.oem4f (.text:ti_sysbios_gates_GateHwi_Handle__label__S)
                  00005118    0000001a     empty_pem4f.oem4f (.text:ti_sysbios_gates_GateMutex_Handle__label__S)
                  00005132    0000001a     empty_pem4f.oem4f (.text:ti_sysbios_heaps_HeapMem_Handle__label__S)
                  0000514c    0000001a     empty_pem4f.oem4f (.text:ti_sysbios_knl_Swi_Handle__label__S)
                  00005166    0000001a     empty_pem4f.oem4f (.text:ti_sysbios_knl_Task_Handle__label__S)
                  00005180    0000001a     empty_pem4f.oem4f (.text:xdc_runtime_System_aprintf__E)
                  0000519a    0000001a     empty_pem4f.oem4f (.text:xdc_runtime_System_printf__E)
                  000051b4    00000018     rtsv7M4_T_le_v4SPD16_eabi.lib : args_main.c.obj (.text:_args_main)
                  000051cc    00000018     empty_pem4f.oem4f (.text:ti_sysbios_BIOS_rtsUnlock__I)
                  000051e4    00000018     empty_pem4f.oem4f (.text:ti_sysbios_family_arm_lm4_Timer_Module__startupDone__F)
                  000051fc    00000018     empty_pem4f.oem4f (.text:ti_sysbios_family_arm_m3_Hwi_Module__startupDone__F)
                  00005214    00000018     sysbios.aem4f : m3_TaskSupport_asm.obj (.text:ti_sysbios_family_arm_m3_TaskSupport_swap__E)
                  0000522c    00000004     --HOLE-- [fill = 0]
                  00005230    00000018                   : BIOS.obj (.text:ti_sysbios_gates_GateMutex_leave__E)
                  00005248    00000018                   : BIOS.obj (.text:ti_sysbios_knl_Task_sleepTimeout__I)
                  00005260    00000018     ti.targets.arm.rtsarm.aem4f : Error.oem4f (.text:xdc_runtime_Error_check__E)
                  00005278    00000018                                 : System.oem4f (.text:xdc_runtime_System_exit__E)
                  00005290    00000018                                 : Text.oem4f (.text:xdc_runtime_Text_ropeText__E)
                  000052a8    00000016     empty_pem4f.oem4f (.text:ti_sysbios_BIOS_exitFunc__I)
                  000052be    00000016     empty.obj (.text:ti_sysbios_knl_Task_Params_init)
                  000052d4    00000014     empty.obj (.text:Idle_blink)
                  000052e8    00000014     driverlib.lib : systick.obj (.text:SysTickEnable)
                  000052fc    00000014                   : systick.obj (.text:SysTickIntEnable)
                  00005310    00000014     empty.obj (.text:blinky1)
                  00005324    00000014     empty.obj (.text:blinky2)
                  00005338    00000014     empty.obj (.text:blinky3)
                  0000534c    00000014     empty.obj (.text:blinky5)
                  00005360    00000014     empty.obj (.text:blinky6)
                  00005374    00000014     rtsv7M4_T_le_v4SPD16_eabi.lib : strlen.c.obj (.text:strlen)
                  00005388    00000014     empty_pem4f.oem4f (.text:ti_sysbios_family_arm_m3_Hwi_Object__get__S)
                  0000539c    00000004     --HOLE-- [fill = 0]
                  000053a0    00000014     sysbios.aem4f : BIOS.obj (.text:ti_sysbios_family_arm_m3_Hwi_switchFromBootStack__E)
                  000053b4    00000014     empty_pem4f.oem4f (.text:ti_sysbios_heaps_HeapMem_Object__get__S)
                  000053c8    00000014     empty_pem4f.oem4f (.text:ti_sysbios_knl_Swi_Object__get__S)
                  000053dc    00000012     driverlib.lib : gpio.obj (.text:GPIOPinTypeGPIOInput)
                  000053ee    00000002     --HOLE-- [fill = 0]
                  000053f0    00000012     sysbios.aem4f : BIOS.obj (.text:ti_sysbios_hal_Hwi_Module_startup__E)
                  00005402    00000012     empty_pem4f.oem4f (.text:xdc_runtime_Startup_exec__I)
                  00005414    00000010     driverlib.lib : systick.obj (.text:SysTickPeriodSet)
                  00005424    00000004     --HOLE-- [fill = 0]
                  00005428    00000010     sysbios.aem4f : BIOS.obj (.text:ti_sysbios_BIOS_setThreadType__E)
                  00005438    00000010                   : BIOS.obj (.text:ti_sysbios_BIOS_start__E)
                  00005448    00000010                   : m3_TaskSupport_asm.obj (.text:ti_sysbios_family_arm_m3_TaskSupport_glue)
                  00005458    00000010                   : BIOS.obj (.text:ti_sysbios_gates_GateMutex_Instance_finalize__E)
                  00005468    00000010                   : BIOS.obj (.text:ti_sysbios_knl_Semaphore_Instance_finalize__E)
                  00005478    00000010                   : BIOS.obj (.text:ti_sysbios_knl_Swi_disable__E)
                  00005488    00000010     empty_pem4f.oem4f (.text:ti_sysbios_knl_Task_Object__get__S)
                  00005498    00000010     sysbios.aem4f : BIOS.obj (.text:ti_sysbios_knl_Task_disable__E)
                  000054a8    00000010     ti.targets.arm.rtsarm.aem4f : Gate.oem4f (.text:xdc_runtime_Gate_leaveSystem__E)
                  000054b8    00000010                                 : Memory.oem4f (.text:xdc_runtime_Memory_free__E)
                  000054c8    00000010                                 : SysMin.oem4f (.text:xdc_runtime_SysMin_ready__E)
                  000054d8    00000010                                 : System.oem4f (.text:xdc_runtime_System_vsnprintf__E)
                  000054e8    00000010     empty_pem4f.oem4f (.text:xdc_runtime_Text_visitRope__I)
                  000054f8    0000000e     driverlib.lib : gpio.obj (.text:GPIOIntStatus)
                  00005506    0000000e     empty.obj (.text:blinky4)
                  00005514    0000000e     rtsv7M4_T_le_v4SPD16_eabi.lib : copy_decompress_none.c.obj (.text:decompress:none:__TI_decompress_none)
                  00005522    00000006     driverlib.lib : gpio.obj (.text:GPIOPinRead)
                  00005528    0000000e     sysbios.aem4f : BIOS.obj (.text:ti_sysbios_knl_Idle_loop__E)
                  00005536    00000002     --HOLE-- [fill = 0]
                  00005538    0000000e                   : BIOS.obj (.text:ti_sysbios_knl_Queue_empty__E)
                  00005546    00000002     --HOLE-- [fill = 0]
                  00005548    0000000c     empty_pem4f.oem4f (.text:.bootCodeSection:ti_catalog_arm_cortexm4_tiva_ce_Boot_init__I)
                  00005554    0000000c     rtsv7M4_T_le_v4SPD16_eabi.lib : _lock.c.obj (.text:_register_lock)
                  00005560    0000000c                                   : _lock.c.obj (.text:_register_unlock)
                  0000556c    0000000c                                   : copy_zero_init.c.obj (.text:decompress:ZI:__TI_zero_init)
                  00005578    0000000c     sysbios.aem4f : BIOS.obj (.text:ti_sysbios_family_arm_lm4_Timer_getMaxTicks__E)
                  00005584    0000000c     empty_pem4f.oem4f (.text:ti_sysbios_family_arm_m3_Hwi_Params__init__S)
                  00005590    0000000c     sysbios.aem4f : BIOS.obj (.text:ti_sysbios_family_arm_m3_Hwi_disableFxn__E)
                  0000559c    00000004     --HOLE-- [fill = 0]
                  000055a0    0000000c                   : BIOS.obj (.text:ti_sysbios_family_arm_m3_TaskSupport_checkStack__E)
                  000055ac    00000004     --HOLE-- [fill = 0]
                  000055b0    0000000c                   : BIOS.obj (.text:ti_sysbios_family_arm_m3_TaskSupport_getStackAlignment__E)
                  000055bc    00000004     --HOLE-- [fill = 0]
                  000055c0    0000000c                   : BIOS.obj (.text:ti_sysbios_gates_GateHwi_enter__E)
                  000055cc    0000000c     empty_pem4f.oem4f (.text:ti_sysbios_knl_Queue_Object__get__S)
                  000055d8    0000000c     empty_pem4f.oem4f (.text:ti_sysbios_knl_Task_Params__init__S)
                  000055e4    0000000c     empty.obj (.text:ti_sysbios_knl_Task_handle)
                  000055f0    0000000c     ti.targets.arm.rtsarm.aem4f : Error.oem4f (.text:xdc_runtime_Error_init__E)
                  000055fc    0000000c                                 : Gate.oem4f (.text:xdc_runtime_Gate_enterSystem__E)
                  00005608    0000000c                                 : Memory.oem4f (.text:xdc_runtime_Memory_calloc__E)
                  00005614    0000000c                                 : Memory.oem4f (.text:xdc_runtime_Memory_getMaxDefaultTypeAlign__E)
                  00005620    0000000a     empty_pem4f.oem4f (.text:xdc_runtime_IHeap_alloc)
                  0000562a    0000000a     empty_pem4f.oem4f (.text:xdc_runtime_IHeap_free)
                  00005634    00000008     sysbios.aem4f : BIOS.obj (.text:ti_sysbios_family_arm_lm4_Timer_masterDisable__I)
                  0000563c    00000004     --HOLE-- [fill = 0]
                  00005640    00000008                   : BIOS.obj (.text:ti_sysbios_family_arm_m3_Hwi_doSwiRestore__I)
                  00005648    00000008                   : BIOS.obj (.text:ti_sysbios_family_arm_m3_Hwi_startup__E)
                  00005650    00000006     driverlib.lib : gpio.obj (.text:GPIOPinWrite)
                  00005656    00000006     Boot.aem4f : Boot_sysctl.oem4f (.text:ti_catalog_arm_cortexm4_tiva_ce_Boot_sysCtlDelayI__I)
                  0000565c    00000004     --HOLE-- [fill = 0]
                  00005660    00000006     sysbios.aem4f : BIOS.obj (.text:ti_sysbios_family_arm_m3_Hwi_doTaskRestore__I)
                  00005666    00000002     --HOLE-- [fill = 0]
                  00005668    00000006                   : BIOS.obj (.text:ti_sysbios_family_arm_m3_Hwi_restoreFxn__E)
                  0000566e    00000002     --HOLE-- [fill = 0]
                  00005670    00000006                   : BIOS.obj (.text:ti_sysbios_gates_GateHwi_leave__E)
                  00005676    00000002     --HOLE-- [fill = 0]
                  00005678    00000006                   : BIOS.obj (.text:ti_sysbios_heaps_HeapMem_isBlocking__E)
                  0000567e    00000002     --HOLE-- [fill = 0]
                  00005680    00000006                   : BIOS.obj (.text:ti_sysbios_knl_Queue_Instance_init__E)
                  00005686    00000002     --HOLE-- [fill = 0]
                  00005688    00000006                   : BIOS.obj (.text:ti_sysbios_knl_Swi_startup__E)
                  0000568e    00000006     ti.targets.arm.rtsarm.aem4f : System.oem4f (.text:xdc_runtime_System_Module_startup__E)
                  00005694    00000004     --HOLE-- [fill = 0]
                  00005698    00000004     sysbios.aem4f : BIOS.obj (.text:ti_sysbios_gates_GateHwi_query__E)
                  0000569c    00000004     --HOLE-- [fill = 0]
                  000056a0    00000004                   : BIOS.obj (.text:ti_sysbios_gates_GateMutex_query__E)
                  000056a4    00000004     --HOLE-- [fill = 0]
                  000056a8    00000004                   : BIOS.obj (.text:ti_sysbios_knl_Task_startup__E)
                  000056ac    00000004     --HOLE-- [fill = 0]
                  000056b0    00000002                   : BIOS.obj (.text:ti_sysbios_gates_GateHwi_Instance_init__E)
                  000056b2    00000006     --HOLE-- [fill = 0]
                  000056b8    00000002                   : BIOS.obj (.text:ti_sysbios_knl_Clock_logTick__E)

.const     0    000056bc    00001efa     
                  000056bc    00001861     empty_pem4f.oem4f (.const:xdc_runtime_Text_charTab__A)
                  00006f1d    00000001     empty_pem4f.oem4f (.const:xdc_runtime_Error_policy__C)
                  00006f1e    000000bc     empty_pem4f.oem4f (.const:xdc_runtime_Text_nodeTab__A)
                  00006fda    00000002     empty_pem4f.oem4f (.const:ti_catalog_arm_cortexm4_tiva_ce_Boot_Module__id__C)
                  00006fdc    0000006c     driverlib.lib : sysctl.obj (.const:g_pui32Xtals)
                  00007048    00000054     drivers_tivaware.aem4f : GPIOTiva.oem4f (.const:.string)
                  0000709c    00000048     empty_pem4f.oem4f (.const:.string)
                  000070e4    00000048     drivers_tivaware.aem4f : GPIOTiva.oem4f (.const:gpioBaseAddresses)
                  0000712c    0000003c     empty_pem4f.oem4f (.const:ti_sysbios_knl_Task_Object__PARAMS__C)
                  00007168    00000030     empty_pem4f.oem4f (.const:ti_sysbios_family_arm_m3_Hwi_Object__PARAMS__C)
                  00007198    00000028     empty_pem4f.oem4f (.const:ti_sysbios_heaps_HeapMem_Module__FXNS__C)
                  000071c0    00000024     empty_pem4f.oem4f (.const:ti_sysbios_gates_GateHwi_Module__FXNS__C)
                  000071e4    00000024     empty_pem4f.oem4f (.const:ti_sysbios_gates_GateMutex_Module__FXNS__C)
                  00007208    00000024     empty_pem4f.oem4f (.const:ti_sysbios_heaps_HeapMem_Object__PARAMS__C)
                  0000722c    00000024     empty_pem4f.oem4f (.const:ti_sysbios_knl_Semaphore_Object__PARAMS__C)
                  00007250    00000020     empty_pem4f.oem4f (.const:ti_sysbios_family_arm_m3_Hwi_Object__DESC__C)
                  00007270    00000020     empty_pem4f.oem4f (.const:ti_sysbios_gates_GateHwi_Object__DESC__C)
                  00007290    00000020     empty_pem4f.oem4f (.const:ti_sysbios_gates_GateMutex_Object__DESC__C)
                  000072b0    00000020     empty_pem4f.oem4f (.const:ti_sysbios_heaps_HeapMem_Object__DESC__C)
                  000072d0    00000020     empty_pem4f.oem4f (.const:ti_sysbios_knl_Queue_Object__DESC__C)
                  000072f0    00000020     empty_pem4f.oem4f (.const:ti_sysbios_knl_Semaphore_Object__DESC__C)
                  00007310    00000020     empty_pem4f.oem4f (.const:ti_sysbios_knl_Task_Object__DESC__C)
                  00007330    00000020     empty_pem4f.oem4f (.const:xdc_runtime_Startup_sfxnTab__A)
                  00007350    00000018     empty_pem4f.oem4f (.const:ti_sysbios_gates_GateHwi_Object__PARAMS__C)
                  00007368    00000018     empty_pem4f.oem4f (.const:ti_sysbios_gates_GateMutex_Object__PARAMS__C)
                  00007380    00000018     empty_pem4f.oem4f (.const:ti_sysbios_knl_Queue_Object__PARAMS__C)
                  00007398    00000014     EK_TM4C123GXL.obj (.const:GPIOTiva_config)
                  000073ac    00000014     empty_pem4f.oem4f (.const:xdc_runtime_Startup_firstFxns__A)
                  000073c0    00000010     empty_pem4f.oem4f (.const:xdc_runtime_Startup_sfxnRts__A)
                  000073d0    00000008     empty_pem4f.oem4f (.const:ti_sysbios_family_arm_m3_Hwi_excHookFuncs__A)
                  000073d8    00000008     empty_pem4f.oem4f (.const:ti_sysbios_knl_Idle_funcList__A)
                  000073e0    00000008     empty_pem4f.oem4f (.const:ti_sysbios_knl_Idle_funcList__C)
                  000073e8    00000008     empty_pem4f.oem4f (.const:xdc_runtime_Startup_firstFxns__C)
                  000073f0    00000008     empty_pem4f.oem4f (.const:xdc_runtime_Startup_lastFxns__C)
                  000073f8    00000004     empty_pem4f.oem4f (.const:ti_catalog_arm_cortexm4_tiva_ce_Boot_A_mustUseEnhancedClockMode__C)
                  000073fc    00000004     empty_pem4f.oem4f (.const:ti_catalog_arm_cortexm4_tiva_ce_Boot_Module__diagsEnabled__C)
                  00007400    00000004     empty_pem4f.oem4f (.const:ti_catalog_arm_cortexm4_tiva_ce_Boot_Module__diagsIncluded__C)
                  00007404    00000004     empty_pem4f.oem4f (.const:ti_catalog_arm_cortexm4_tiva_ce_Boot_Module__diagsMask__C)
                  00007408    00000004     empty_pem4f.oem4f (.const:ti_sysbios_family_arm_lm4_Timer_enableFunc__C)
                  0000740c    00000004     empty_pem4f.oem4f (.const:ti_sysbios_family_arm_lm4_Timer_numTimerDevices__C)
                  00007410    00000004     empty_pem4f.oem4f (.const:ti_sysbios_family_arm_lm4_Timer_startupNeeded__C)
                  00007414    00000004     empty_pem4f.oem4f (.const:ti_sysbios_family_arm_m3_Hwi_E_NMI__C)
                  00007418    00000004     empty_pem4f.oem4f (.const:ti_sysbios_family_arm_m3_Hwi_E_alreadyDefined__C)
                  0000741c    00000004     empty_pem4f.oem4f (.const:ti_sysbios_family_arm_m3_Hwi_E_busFault__C)
                  00007420    00000004     empty_pem4f.oem4f (.const:ti_sysbios_family_arm_m3_Hwi_E_debugMon__C)
                  00007424    00000004     empty_pem4f.oem4f (.const:ti_sysbios_family_arm_m3_Hwi_E_hardFault__C)
                  00007428    00000004     empty_pem4f.oem4f (.const:ti_sysbios_family_arm_m3_Hwi_E_memFault__C)
                  0000742c    00000004     empty_pem4f.oem4f (.const:ti_sysbios_family_arm_m3_Hwi_E_noIsr__C)
                  00007430    00000004     empty_pem4f.oem4f (.const:ti_sysbios_family_arm_m3_Hwi_E_reserved__C)
                  00007434    00000004     empty_pem4f.oem4f (.const:ti_sysbios_family_arm_m3_Hwi_E_svCall__C)
                  00007438    00000004     empty_pem4f.oem4f (.const:ti_sysbios_family_arm_m3_Hwi_E_usageFault__C)
                  0000743c    00000004     empty_pem4f.oem4f (.const:ti_sysbios_family_arm_m3_Hwi_NUM_INTERRUPTS__C)
                  00007440    00000004     empty_pem4f.oem4f (.const:ti_sysbios_family_arm_m3_Hwi_Object__count__C)
                  00007444    00000004     empty_pem4f.oem4f (.const:ti_sysbios_family_arm_m3_Hwi_ccr__C)
                  00007448    00000004     empty_pem4f.oem4f (.const:ti_sysbios_family_arm_m3_Hwi_excHandlerFunc__C)
                  0000744c    00000004     empty_pem4f.oem4f (.const:ti_sysbios_family_arm_m3_Hwi_excHookFuncs__C)
                  00007450    00000004     empty_pem4f.oem4f (.const:ti_sysbios_family_arm_m3_Hwi_nullIsrFunc__C)
                  00007454    00000004     empty_pem4f.oem4f (.const:ti_sysbios_family_arm_m3_Hwi_priGroup__C)
                  00007458    00000004     empty_pem4f.oem4f (.const:ti_sysbios_family_arm_m3_TaskSupport_stackAlignment__C)
                  0000745c    00000004     empty_pem4f.oem4f (.const:ti_sysbios_gates_GateMutex_A_badContext__C)
                  00007460    00000004     empty_pem4f.oem4f (.const:ti_sysbios_gates_GateMutex_Instance_State_sem__O)
                  00007464    00000004     empty_pem4f.oem4f (.const:ti_sysbios_gates_GateMutex_Module__diagsEnabled__C)
                  00007468    00000004     empty_pem4f.oem4f (.const:ti_sysbios_gates_GateMutex_Module__diagsIncluded__C)
                  0000746c    00000004     empty_pem4f.oem4f (.const:ti_sysbios_gates_GateMutex_Module__diagsMask__C)
                  00007470    00000004     empty_pem4f.oem4f (.const:ti_sysbios_hal_Hwi_E_stackOverflow__C)
                  00007474    00000004     empty_pem4f.oem4f (.const:ti_sysbios_heaps_HeapMem_A_align__C)
                  00007478    00000004     empty_pem4f.oem4f (.const:ti_sysbios_heaps_HeapMem_A_heapSize__C)
                  0000747c    00000004     empty_pem4f.oem4f (.const:ti_sysbios_heaps_HeapMem_A_invalidFree__C)
                  00007480    00000004     empty_pem4f.oem4f (.const:ti_sysbios_heaps_HeapMem_A_zeroBlock__C)
                  00007484    00000004     empty_pem4f.oem4f (.const:ti_sysbios_heaps_HeapMem_E_memory__C)
                  00007488    00000004     empty_pem4f.oem4f (.const:ti_sysbios_heaps_HeapMem_Module__diagsEnabled__C)
                  0000748c    00000004     empty_pem4f.oem4f (.const:ti_sysbios_heaps_HeapMem_Module__diagsIncluded__C)
                  00007490    00000004     empty_pem4f.oem4f (.const:ti_sysbios_heaps_HeapMem_Module__diagsMask__C)
                  00007494    00000004     empty_pem4f.oem4f (.const:ti_sysbios_heaps_HeapMem_Module__gateObj__C)
                  00007498    00000004     empty_pem4f.oem4f (.const:ti_sysbios_heaps_HeapMem_Object__count__C)
                  0000749c    00000004     empty_pem4f.oem4f (.const:ti_sysbios_heaps_HeapMem_reqAlign__C)
                  000074a0    00000004     empty_pem4f.oem4f (.const:ti_sysbios_knl_Clock_Module_State_clockQ__O)
                  000074a4    00000004     empty_pem4f.oem4f (.const:ti_sysbios_knl_Semaphore_A_badContext__C)
                  000074a8    00000004     empty_pem4f.oem4f (.const:ti_sysbios_knl_Semaphore_A_noEvents__C)
                  000074ac    00000004     empty_pem4f.oem4f (.const:ti_sysbios_knl_Semaphore_A_overflow__C)
                  000074b0    00000004     empty_pem4f.oem4f (.const:ti_sysbios_knl_Semaphore_A_pendTaskDisabled__C)
                  000074b4    00000004     empty_pem4f.oem4f (.const:ti_sysbios_knl_Semaphore_Instance_State_pendQ__O)
                  000074b8    00000004     empty_pem4f.oem4f (.const:ti_sysbios_knl_Semaphore_Module__diagsEnabled__C)
                  000074bc    00000004     empty_pem4f.oem4f (.const:ti_sysbios_knl_Semaphore_Module__diagsIncluded__C)
                  000074c0    00000004     empty_pem4f.oem4f (.const:ti_sysbios_knl_Semaphore_Module__diagsMask__C)
                  000074c4    00000004     empty_pem4f.oem4f (.const:ti_sysbios_knl_Swi_Object__count__C)
                  000074c8    00000004     empty_pem4f.oem4f (.const:ti_sysbios_knl_Task_A_badPriority__C)
                  000074cc    00000004     empty_pem4f.oem4f (.const:ti_sysbios_knl_Task_A_badTaskState__C)
                  000074d0    00000004     empty_pem4f.oem4f (.const:ti_sysbios_knl_Task_A_badThreadType__C)
                  000074d4    00000004     empty_pem4f.oem4f (.const:ti_sysbios_knl_Task_A_badTimeout__C)
                  000074d8    00000004     empty_pem4f.oem4f (.const:ti_sysbios_knl_Task_A_noPendElem__C)
                  000074dc    00000004     empty_pem4f.oem4f (.const:ti_sysbios_knl_Task_A_sleepTaskDisabled__C)
                  000074e0    00000004     empty_pem4f.oem4f (.const:ti_sysbios_knl_Task_E_spOutOfBounds__C)
                  000074e4    00000004     empty_pem4f.oem4f (.const:ti_sysbios_knl_Task_E_stackOverflow__C)
                  000074e8    00000004     empty_pem4f.oem4f (.const:ti_sysbios_knl_Task_Module_State_inactiveQ__O)
                  000074ec    00000004     empty_pem4f.oem4f (.const:ti_sysbios_knl_Task_Module__diagsEnabled__C)
                  000074f0    00000004     empty_pem4f.oem4f (.const:ti_sysbios_knl_Task_Module__diagsIncluded__C)
                  000074f4    00000004     empty_pem4f.oem4f (.const:ti_sysbios_knl_Task_Module__diagsMask__C)
                  000074f8    00000004     empty_pem4f.oem4f (.const:ti_sysbios_knl_Task_Object__count__C)
                  000074fc    00000004     empty_pem4f.oem4f (.const:ti_sysbios_knl_Task_allBlockedFunc__C)
                  00007500    00000004     empty_pem4f.oem4f (.const:ti_sysbios_knl_Task_defaultStackHeap__C)
                  00007504    00000004     empty_pem4f.oem4f (.const:ti_sysbios_knl_Task_defaultStackSize__C)
                  00007508    00000004     empty_pem4f.oem4f (.const:ti_sysbios_knl_Task_numConstructedTasks__C)
                  0000750c    00000004     empty_pem4f.oem4f (.const:xdc_runtime_Assert_E_assertFailed__C)
                  00007510    00000004     empty_pem4f.oem4f (.const:xdc_runtime_Core_A_initializedParams__C)
                  00007514    00000004     empty_pem4f.oem4f (.const:xdc_runtime_Core_Module__diagsEnabled__C)
                  00007518    00000004     empty_pem4f.oem4f (.const:xdc_runtime_Core_Module__diagsIncluded__C)
                  0000751c    00000004     empty_pem4f.oem4f (.const:xdc_runtime_Core_Module__diagsMask__C)
                  00007520    00000004     empty_pem4f.oem4f (.const:xdc_runtime_Error_E_memory__C)
                  00007524    00000004     empty_pem4f.oem4f (.const:xdc_runtime_Error_Module__diagsEnabled__C)
                  00007528    00000004     empty_pem4f.oem4f (.const:xdc_runtime_Error_Module__diagsIncluded__C)
                  0000752c    00000004     empty_pem4f.oem4f (.const:xdc_runtime_Error_Module__diagsMask__C)
                  00007530    00000004     empty_pem4f.oem4f (.const:xdc_runtime_Error_Module__loggerFxn8__C)
                  00007534    00000004     empty_pem4f.oem4f (.const:xdc_runtime_Error_Module__loggerObj__C)
                  00007538    00000004     empty_pem4f.oem4f (.const:xdc_runtime_Error_policyFxn__C)
                  0000753c    00000004     empty_pem4f.oem4f (.const:xdc_runtime_Error_raiseHook__C)
                  00007540    00000004     empty_pem4f.oem4f (.const:xdc_runtime_IGateProvider_Interface__BASE__C)
                  00007544    00000004     empty_pem4f.oem4f (.const:xdc_runtime_IHeap_Interface__BASE__C)
                  00007548    00000004     empty_pem4f.oem4f (.const:xdc_runtime_IModule_Interface__BASE__C)
                  0000754c    00000004     empty_pem4f.oem4f (.const:xdc_runtime_Log_L_error__C)
                  00007550    00000004     empty_pem4f.oem4f (.const:xdc_runtime_Memory_defaultHeapInstance__C)
                  00007554    00000004     empty_pem4f.oem4f (.const:xdc_runtime_Startup_execImpl__C)
                  00007558    00000004     empty_pem4f.oem4f (.const:xdc_runtime_Startup_maxPasses__C)
                  0000755c    00000004     empty_pem4f.oem4f (.const:xdc_runtime_Startup_sfxnRts__C)
                  00007560    00000004     empty_pem4f.oem4f (.const:xdc_runtime_Startup_sfxnTab__C)
                  00007564    00000004     empty_pem4f.oem4f (.const:xdc_runtime_SysMin_bufSize__C)
                  00007568    00000004     empty_pem4f.oem4f (.const:xdc_runtime_SysMin_outputFunc__C)
                  0000756c    00000004     empty_pem4f.oem4f (.const:xdc_runtime_System_Module__gateObj__C)
                  00007570    00000004     empty_pem4f.oem4f (.const:xdc_runtime_System_abortFxn__C)
                  00007574    00000004     empty_pem4f.oem4f (.const:xdc_runtime_System_exitFxn__C)
                  00007578    00000004     empty_pem4f.oem4f (.const:xdc_runtime_System_extendFxn__C)
                  0000757c    00000004     empty_pem4f.oem4f (.const:xdc_runtime_System_maxAtexitHandlers__C)
                  00007580    00000004     empty_pem4f.oem4f (.const:xdc_runtime_Text_charTab__C)
                  00007584    00000004     empty_pem4f.oem4f (.const:xdc_runtime_Text_nameEmpty__C)
                  00007588    00000004     empty_pem4f.oem4f (.const:xdc_runtime_Text_nameStatic__C)
                  0000758c    00000004     empty_pem4f.oem4f (.const:xdc_runtime_Text_nameUnknown__C)
                  00007590    00000004     empty_pem4f.oem4f (.const:xdc_runtime_Text_nodeTab__C)
                  00007594    00000004     empty_pem4f.oem4f (.const:xdc_runtime_Text_visitRopeFxn__C)
                  00007598    00000002     empty_pem4f.oem4f (.const:ti_sysbios_family_arm_m3_Hwi_Module__id__C)
                  0000759a    00000002     empty_pem4f.oem4f (.const:ti_sysbios_gates_GateMutex_Module__id__C)
                  0000759c    00000002     empty_pem4f.oem4f (.const:ti_sysbios_hal_Hwi_Module__id__C)
                  0000759e    00000002     empty_pem4f.oem4f (.const:ti_sysbios_heaps_HeapMem_Module__id__C)
                  000075a0    00000002     empty_pem4f.oem4f (.const:ti_sysbios_knl_Semaphore_Module__id__C)
                  000075a2    00000002     empty_pem4f.oem4f (.const:ti_sysbios_knl_Task_Module__id__C)
                  000075a4    00000002     empty_pem4f.oem4f (.const:xdc_runtime_Core_Module__id__C)
                  000075a6    00000002     empty_pem4f.oem4f (.const:xdc_runtime_Error_Module__loggerDefined__C)
                  000075a8    00000002     empty_pem4f.oem4f (.const:xdc_runtime_Error_maxDepth__C)
                  000075aa    00000002     empty_pem4f.oem4f (.const:xdc_runtime_Memory_Module__id__C)
                  000075ac    00000002     empty_pem4f.oem4f (.const:xdc_runtime_SysMin_flushAtExit__C)
                  000075ae    00000002     empty_pem4f.oem4f (.const:xdc_runtime_Text_charCnt__C)
                  000075b0    00000002     empty_pem4f.oem4f (.const:xdc_runtime_Text_isLoaded__C)
                  000075b2    00000002     empty_pem4f.oem4f (.const:xdc_runtime_Text_registryModsLastId__C)
                  000075b4    00000002     empty_pem4f.oem4f (.const:xdc_runtime_Text_unnamedModsLastId__C)

.cinit     0    000075b8    00000218     
                  000075b8    000001e2     (.cinit..data.load) [load image, compression = lzss]
                  0000779a    00000002     --HOLE-- [fill = 0]
                  0000779c    0000000c     (__TI_handler_table)
                  000077a8    00000008     (.cinit..bss.load) [load image, compression = zero_init]
                  000077b0    00000008     (.cinit..vecs.load) [load image, compression = zero_init]
                  000077b8    00000018     (__TI_cinit_table)

.init_array 
*          0    00000000    00000000     UNINITIALIZED

.resetVecs 
*          0    00000000    0000003c     
                  00000000    0000003c     empty_pem4f.oem4f (.resetVecs)

.bss       0    20000360    00001394     UNINITIALIZED
                  20000360    00000400     (.common:ti_sysbios_heaps_HeapMem_Instance_State_0_buf__A)
                  20000760    00000360     (.common:ti_sysbios_family_arm_m3_Hwi_dispatchTable)
                  20000ac0    00000200     empty_pem4f.oem4f (.bss:taskStackSection)
                  20000cc0    00000120     rtsv7M4_T_le_v4SPD16_eabi.lib : trgmsg.c.obj (.bss:_CIOBUF_)
                  20000de0    00000100     (.common:task1Stack)
                  20000ee0    00000100     (.common:task2Stack)
                  20000fe0    00000100     (.common:task3Stack)
                  200010e0    00000100     (.common:task4Stack)
                  200011e0    00000100     (.common:task5Stack)
                  200012e0    00000100     (.common:task6Stack)
                  200013e0    00000090     drivers_tivaware.aem4f : GPIOTiva.oem4f (.bss:gpioCallbackInfo)
                  20001470    00000080     (.common:xdc_runtime_SysMin_Module_State_0_outbuf__A)
                  200014f0    00000050     (.common:task1Struct)
                  20001540    00000050     (.common:task2Struct)
                  20001590    00000050     (.common:task3Struct)
                  200015e0    00000050     (.common:task4Struct)
                  20001630    00000050     (.common:task5Struct)
                  20001680    00000050     (.common:task6Struct)
                  200016d0    00000008     (.common:parmbuf)
                  200016d8    00000004     (.common:gpioInterruptVectors)
                  200016dc    00000004     (.common:task1Handle)
                  200016e0    00000004     (.common:task2Handle)
                  200016e4    00000004     (.common:task3Handle)
                  200016e8    00000004     (.common:task4Handle)
                  200016ec    00000004     (.common:task5Handle)
                  200016f0    00000004     (.common:task6Handle)

.data      0    200016f4    00000422     UNINITIALIZED
                  200016f4    00000080     empty_pem4f.oem4f (.data:ti_sysbios_knl_Swi_Module_State_0_readyQ__A)
                  20001774    00000080     empty_pem4f.oem4f (.data:ti_sysbios_knl_Task_Module_State_0_readyQ__A)
                  200017f4    0000004c     empty_pem4f.oem4f (.data:ti_sysbios_knl_Task_Object__table__V)
                  20001840    00000044     empty_pem4f.oem4f (.data:ti_sysbios_knl_Task_Module__state__V)
                  20001884    00000040     empty_pem4f.oem4f (.data:ti_sysbios_family_arm_lm4_Timer_Object__table__V)
                  200018c4    00000038     empty_pem4f.oem4f (.data:ti_sysbios_gates_GateMutex_Object__table__V)
                  200018fc    00000034     empty_pem4f.oem4f (.data:ti_sysbios_family_arm_m3_Hwi_Module__state__V)
                  20001930    00000030     EK_TM4C123GXL.obj (.data:gpioPinConfigs)
                  20001960    00000030     empty_pem4f.oem4f (.data:ti_sysbios_family_arm_lm4_Timer_Module_State_0_device__A)
                  20001990    00000030     empty_pem4f.oem4f (.data:ti_sysbios_knl_Swi_Object__table__V)
                  200019c0    0000002c     empty_pem4f.oem4f (.data:ti_sysbios_knl_Clock_Module__state__V)
                  200019ec    00000024     empty_pem4f.oem4f (.data:ti_sysbios_BIOS_Module__state__V)
                  20001a10    0000001c     empty_pem4f.oem4f (.data:ti_sysbios_knl_Swi_Module__state__V)
                  20001a2c    00000018     empty_pem4f.oem4f (.data:ti_sysbios_family_arm_lm4_Timer_Module_State_0_handles__A)
                  20001a44    00000018     empty_pem4f.oem4f (.data:ti_sysbios_family_arm_m3_Hwi_Object__table__V)
                  20001a5c    00000018     empty_pem4f.oem4f (.data:ti_sysbios_heaps_HeapMem_Object__table__V)
                  20001a74    0000000c     empty_pem4f.oem4f (.data:ti_sysbios_family_arm_lm4_Timer_Module__state__V)
                  20001a80    0000000c     empty_pem4f.oem4f (.data:xdc_runtime_SysMin_Module__state__V)
                  20001a8c    00000008     rtsv7M4_T_le_v4SPD16_eabi.lib : _lock.c.obj (.data:$O1$$)
                  20001a94    00000008     EK_TM4C123GXL.obj (.data:gpioCallbackFunctions)
                  20001a9c    00000008     empty_pem4f.oem4f (.data:ti_sysbios_family_arm_m3_Hwi_Module__root__V)
                  20001aa4    00000008     empty_pem4f.oem4f (.data:ti_sysbios_gates_GateHwi_Module__root__V)
                  20001aac    00000008     empty_pem4f.oem4f (.data:ti_sysbios_gates_GateMutex_Module__root__V)
                  20001ab4    00000008     empty_pem4f.oem4f (.data:ti_sysbios_heaps_HeapMem_Module__root__V)
                  20001abc    00000008     empty_pem4f.oem4f (.data:ti_sysbios_knl_Queue_Module__root__V)
                  20001ac4    00000008     empty_pem4f.oem4f (.data:ti_sysbios_knl_Semaphore_Module__root__V)
                  20001acc    00000008     empty_pem4f.oem4f (.data:ti_sysbios_knl_Task_Module__root__V)
                  20001ad4    00000008     empty_pem4f.oem4f (.data:xdc_runtime_Registry_Module__state__V)
                  20001adc    00000008     empty_pem4f.oem4f (.data:xdc_runtime_Startup_Module__state__V)
                  20001ae4    00000008     empty_pem4f.oem4f (.data:xdc_runtime_System_Module_State_0_atexitHandlers__A)
                  20001aec    00000008     empty_pem4f.oem4f (.data:xdc_runtime_System_Module__state__V)
                  20001af4    00000005     drivers_tivaware.aem4f : GPIOTiva.oem4f (.data)
                  20001af9    00000001     --HOLE--
                  20001afa    00000002     empty_pem4f.oem4f (.data:ti_sysbios_family_arm_m3_Hwi_Module_State_0_excActive__A)
                  20001afc    00000004     rtsv7M4_T_le_v4SPD16_eabi.lib : stkdepth_vars.c.obj (.data)
                  20001b00    00000004     empty_pem4f.oem4f (.data:ti_sysbios_family_arm_m3_Hwi_Module_State_0_excContext__A)
                  20001b04    00000004     empty_pem4f.oem4f (.data:ti_sysbios_family_arm_m3_Hwi_Module_State_0_excStack__A)
                  20001b08    00000004     empty_pem4f.oem4f (.data:ti_sysbios_gates_GateHwi_Object__table__V)
                  20001b0c    00000004     empty_pem4f.oem4f (.data:ti_sysbios_knl_Task_Module_State_0_idleTask__A)
                  20001b10    00000004     empty_pem4f.oem4f (.data:xdc_runtime_Memory_Module__state__V)
                  20001b14    00000002     empty_pem4f.oem4f (.data:xdc_runtime_Error_Module__state__V)

.stack     0    20001b18    00000300     UNINITIALIZED
                  20001b18    00000300     --HOLE--

.bootVecs 
*          0    00000000    00000008     DSECT
                  00000000    00000008     boot.aem4f : boot.oem4f (.bootVecs)

.vecs      0    20000000    00000360     UNINITIALIZED
                  20000000    00000360     empty_pem4f.oem4f (.vecs)

xdc.meta   0    00000000    000000fa     COPY SECTION
                  00000000    000000fa     empty_pem4f.oem4f (xdc.meta)

__llvm_prf_cnts 
*          0    20000000    00000000     UNINITIALIZED

MODULE SUMMARY

       Module                       code    ro data   rw data
       ------                       ----    -------   -------
    .\
       empty.obj                    544     0         2040   
       EK_TM4C123GXL.obj            112     20        56     
    +--+----------------------------+-------+---------+---------+
       Total:                       656     20        2096   
                                                             
    C:\Users\RJ\Desktop\programming\osu467\CCS\empty_EK_TM4C123GXL_TI\Debug\configPkg\package\cfg\
       empty_pem4f.oem4f            1654    7706      4376   
    +--+----------------------------+-------+---------+---------+
       Total:                       1654    7706      4376   
                                                             
    C:/ti/tirtos_tivac_2_16_01_14/products/TivaWare_C_Series-2.1.1.71b/driverlib/ccs/Debug/driverlib.lib
       gpio.obj                     482     0         0      
       sysctl.obj                   320     108       0      
       systick.obj                  56      0         0      
    +--+----------------------------+-------+---------+---------+
       Total:                       858     108       0      
                                                             
    C:/ti/tirtos_tivac_2_16_01_14/products/tidrivers_tivac_2_16_01_13/packages/ti/drivers/lib/drivers_tivaware.aem4f
       GPIOTiva.oem4f               764     156       153    
    +--+----------------------------+-------+---------+---------+
       Total:                       764     156       153    
                                                             
    C:\Users\RJ\Desktop\programming\osu467\CCS\empty_EK_TM4C123GXL_TI\src\sysbios\sysbios.aem4f
       BIOS.obj                     11922   0         0      
       m3_Hwi_asm.obj               314     0         0      
       m3_TaskSupport_asm.obj       180     0         0      
       m3_Hwi_asm_switch.obj        118     0         0      
    +--+----------------------------+-------+---------+---------+
       Total:                       12534   0         0      
                                                             
    C:\ti\ccs1220\ccs\tools\compiler\ti-cgt-arm_20.2.7.LTS\lib\rtsv7M4_T_le_v4SPD16_eabi.lib
       trgmsg.c.obj                 108     0         288    
       memcpy_t2.asm.obj            156     0         0      
       memset_t2.asm.obj            122     0         0      
       copy_decompress_lzss.c.obj   104     0         0      
       hostwrite.c.obj              88      0         0      
       cpy_tbl.c.obj                76      0         0      
       u_divt2.asm.obj              64      0         0      
       _lock.c.obj                  26      0         8      
       args_main.c.obj              24      0         0      
       strlen.c.obj                 20      0         0      
       copy_decompress_none.c.obj   14      0         0      
       copy_zero_init.c.obj         12      0         0      
       hostopen.c.obj               0       0         8      
       exit.c.obj                   4       0         0      
       stkdepth_vars.c.obj          0       0         4      
       div0.asm.obj                 2       0         0      
    +--+----------------------------+-------+---------+---------+
       Total:                       820     0         308    
                                                             
    C:\ti\tirtos_tivac_2_16_01_14\products\bios_6_45_02_31\packages\ti\catalog\arm\cortexm4\tiva\ce\lib\Boot.aem4f
       Boot_sysctl.oem4f            262     0         0      
       Boot.oem4f                   152     0         0      
    +--+----------------------------+-------+---------+---------+
       Total:                       414     0         0      
                                                             
    C:\ti\tirtos_tivac_2_16_01_14\products\bios_6_45_02_31\packages\ti\targets\arm\rtsarm\lib\auto_init.aem4f
       auto_init.oem4f              160     0         0      
    +--+----------------------------+-------+---------+---------+
       Total:                       160     0         0      
                                                             
    C:\ti\tirtos_tivac_2_16_01_14\products\bios_6_45_02_31\packages\ti\targets\arm\rtsarm\lib\boot.aem4f
       boot.oem4f                   88      0         0      
    +--+----------------------------+-------+---------+---------+
       Total:                       88      0         0      
                                                             
    C:\ti\tirtos_tivac_2_16_01_14\products\bios_6_45_02_31\packages\ti\targets\arm\rtsarm\lib\ti.targets.arm.rtsarm.aem4f
       System.oem4f                 1255    0         0      
       Text.oem4f                   672     0         0      
       Error.oem4f                  524     0         0      
       Core-mem.oem4f               358     0         0      
       Startup.oem4f                328     0         0      
       SysMin.oem4f                 248     0         0      
       Core-smem.oem4f              204     0         0      
       Memory.oem4f                 176     0         0      
       Assert.oem4f                 84      0         0      
       Core-params.oem4f            70      0         0      
       Core-label.oem4f             52      0         0      
       Registry.oem4f               32      0         0      
       Gate.oem4f                   28      0         0      
    +--+----------------------------+-------+---------+---------+
       Total:                       4031    0         0      
                                                             
       Stack:                       0       0         768    
       Linker Generated:            0       534       0      
    +--+----------------------------+-------+---------+---------+
       Grand Total:                 21979   8524      7701   


LINKER GENERATED COPY TABLES

__TI_cinit_table @ 000077b8 records: 3, size/record: 8, table size: 24
	.data: load addr=000075b8, load size=000001e2 bytes, run addr=200016f4, run size=00000422 bytes, compression=lzss
	.bss: load addr=000077a8, load size=00000008 bytes, run addr=20000360, run size=00001394 bytes, compression=zero_init
	.vecs: load addr=000077b0, load size=00000008 bytes, run addr=20000000, run size=00000360 bytes, compression=zero_init


LINKER GENERATED HANDLER TABLE

__TI_handler_table @ 0000779c records: 3, size/record: 4, table size: 12
	index: 0, handler: __TI_decompress_lzss
	index: 1, handler: __TI_decompress_none
	index: 2, handler: __TI_zero_init


GLOBAL SYMBOLS: SORTED ALPHABETICALLY BY Name 

address   name                                                              
-------   ----                                                              
000007bd  C$$EXIT                                                           
000046fb  C$$IO$$                                                           
00004995  EK_TM4C123GXL_initGPIO                                            
00004551  EK_TM4C123GXL_initGeneral                                         
00004c89  GPIODirModeSet                                                    
0000501b  GPIOIntClear                                                      
000054f9  GPIOIntStatus                                                     
00003f09  GPIOIntTypeSet                                                    
00002095  GPIOPadConfigSet                                                  
00005523  GPIOPinRead                                                       
000053dd  GPIOPinTypeGPIOInput                                              
00005651  GPIOPinWrite                                                      
00007398  GPIOTiva_config                                                   
000039d5  GPIO_hwiIntFxn                                                    
00003455  GPIO_init                                                         
00004009  GPIO_setCallback                                                  
00001b85  GPIO_setConfig                                                    
00004059  GPIO_toggle                                                       
00003e59  HOSTwrite                                                         
000052d5  Idle_blink                                                        
UNDEFED   SHT$$INIT_ARRAY$$Base                                             
UNDEFED   SHT$$INIT_ARRAY$$Limit                                            
000022dd  SysCtlClockGet                                                    
000047e9  SysCtlPeripheralEnable                                            
000052e9  SysTickEnable                                                     
000052fd  SysTickIntEnable                                                  
00005415  SysTickPeriodSet                                                  
00000000  __ASM__                                                           
20000cc0  __CIOBUF_                                                         
00000078  __ISA__                                                           
0000008b  __PLAT__                                                          
20001e18  __STACK_END                                                       
00000300  __STACK_SIZE                                                      
000000ac  __TARG__                                                          
000077b8  __TI_CINIT_Base                                                   
000077d0  __TI_CINIT_Limit                                                  
0000779c  __TI_Handler_Table_Base                                           
000077a8  __TI_Handler_Table_Limit                                          
00002f79  __TI_auto_init                                                    
00003905  __TI_decompress_lzss                                              
00005515  __TI_decompress_none                                              
ffffffff  __TI_pprof_out_hndl                                               
ffffffff  __TI_prof_data_size                                               
ffffffff  __TI_prof_data_start                                              
0000481d  __TI_readmsg                                                      
000075b8  __TI_static_base__                                                
000046cd  __TI_writemsg                                                     
0000556d  __TI_zero_init                                                    
000000d2  __TRDR__                                                          
0000356d  __aeabi_idiv0                                                     
0000356d  __aeabi_ldiv0                                                     
000035f5  __aeabi_memclr                                                    
000035f5  __aeabi_memclr4                                                   
000035f5  __aeabi_memclr8                                                   
000030b9  __aeabi_memcpy                                                    
000030b9  __aeabi_memcpy4                                                   
000030b9  __aeabi_memcpy8                                                   
000035f7  __aeabi_memset                                                    
000035f7  __aeabi_memset4                                                   
000035f7  __aeabi_memset8                                                   
00004591  __aeabi_uidiv                                                     
00004591  __aeabi_uidivmod                                                  
ffffffff  __binit__                                                         
ffffffff  __c_args__                                                        
20001b18  __stack                                                           
20000000  __start___llvm_prf_cnts                                           
20000000  __stop___llvm_prf_cnts                                            
000051b5  _args_main                                                        
00003e01  _c_int00                                                          
20001a8c  _lock                                                             
0000328f  _nop                                                              
00005555  _register_lock                                                    
00005561  _register_unlock                                                  
20001a90  _unlock                                                           
000007bd  abort                                                             
ffffffff  binit                                                             
00005311  blinky1                                                           
00005325  blinky2                                                           
00005339  blinky3                                                           
00005507  blinky4                                                           
0000534d  blinky5                                                           
00005361  blinky6                                                           
00004199  copy_in                                                           
20001a94  gpioCallbackFunctions                                             
20001930  gpioPinConfigs                                                    
00001731  main                                                              
20001afc  main_func_sp                                                      
000030b9  memcpy                                                            
000035fd  memset                                                            
00005499  osi_TaskDisable                                                   
00005439  osi_start                                                         
200016d0  parmbuf                                                           
00005375  strlen                                                            
200016dc  task1Handle                                                       
20000de0  task1Stack                                                        
200014f0  task1Struct                                                       
200016e0  task2Handle                                                       
20000ee0  task2Stack                                                        
20001540  task2Struct                                                       
200016e4  task3Handle                                                       
20000fe0  task3Stack                                                        
20001590  task3Struct                                                       
200016e8  task4Handle                                                       
200010e0  task4Stack                                                        
200015e0  task4Struct                                                       
200016ec  task5Handle                                                       
200011e0  task5Stack                                                        
20001630  task5Struct                                                       
200016f0  task6Handle                                                       
200012e0  task6Stack                                                        
20001680  task6Struct                                                       
000073f8  ti_catalog_arm_cortexm4_tiva_ce_Boot_A_mustUseEnhancedClockMode__C
000073fc  ti_catalog_arm_cortexm4_tiva_ce_Boot_Module__diagsEnabled__C      
00007400  ti_catalog_arm_cortexm4_tiva_ce_Boot_Module__diagsIncluded__C     
00007404  ti_catalog_arm_cortexm4_tiva_ce_Boot_Module__diagsMask__C         
00006fda  ti_catalog_arm_cortexm4_tiva_ce_Boot_Module__id__C                
00005549  ti_catalog_arm_cortexm4_tiva_ce_Boot_init__I                      
000023e9  ti_catalog_arm_cortexm4_tiva_ce_Boot_sysCtlClockSetI__I           
00003291  ti_catalog_arm_cortexm4_tiva_ce_Boot_sysCtlClockSet__E            
00005657  ti_catalog_arm_cortexm4_tiva_ce_Boot_sysCtlDelayI__I              
200019ec  ti_sysbios_BIOS_Module__state__V                                  
00005119  ti_sysbios_BIOS_RtsGateProxy_Handle__label__S                     
00004de5  ti_sysbios_BIOS_RtsGateProxy_Object__delete__S                    
00000cfd  ti_sysbios_BIOS_RtsGateProxy_enter__E                             
00001185  ti_sysbios_BIOS_RtsGateProxy_leave__E                             
000056a1  ti_sysbios_BIOS_RtsGateProxy_query__E                             
000049c5  ti_sysbios_BIOS_atExitFunc__I                                     
00004d55  ti_sysbios_BIOS_errorRaiseHook__I                                 
000052a9  ti_sysbios_BIOS_exitFunc__I                                       
0000356f  ti_sysbios_BIOS_nullFunc__I                                       
00004d79  ti_sysbios_BIOS_registerRTSLock__I                                
00004d9d  ti_sysbios_BIOS_removeRTSLock__I                                  
00004ebd  ti_sysbios_BIOS_rtsLock__I                                        
000051cd  ti_sysbios_BIOS_rtsUnlock__I                                      
00005429  ti_sysbios_BIOS_setThreadType__E                                  
00004dc1  ti_sysbios_BIOS_startFunc__I                                      
00005439  ti_sysbios_BIOS_start__E                                          
20001960  ti_sysbios_family_arm_lm4_Timer_Module_State_0_device__A          
20001a2c  ti_sysbios_family_arm_lm4_Timer_Module_State_0_handles__A         
000051e5  ti_sysbios_family_arm_lm4_Timer_Module__startupDone__F            
000051e5  ti_sysbios_family_arm_lm4_Timer_Module__startupDone__S            
20001a74  ti_sysbios_family_arm_lm4_Timer_Module__state__V                  
00003a39  ti_sysbios_family_arm_lm4_Timer_Module_startup__E                 
20001884  ti_sysbios_family_arm_lm4_Timer_Object__table__V                  
00007408  ti_sysbios_family_arm_lm4_Timer_enableFunc__C                     
00002e29  ti_sysbios_family_arm_lm4_Timer_enableTimers__I                   
00002d79  ti_sysbios_family_arm_lm4_Timer_enableTiva__I                     
00005579  ti_sysbios_family_arm_lm4_Timer_getMaxTicks__E                    
00003b69  ti_sysbios_family_arm_lm4_Timer_isrStub__E                        
00005635  ti_sysbios_family_arm_lm4_Timer_masterDisable__I                  
0000137d  ti_sysbios_family_arm_lm4_Timer_masterEnable__I                   
0000740c  ti_sysbios_family_arm_lm4_Timer_numTimerDevices__C                
00001f61  ti_sysbios_family_arm_lm4_Timer_start__E                          
00007410  ti_sysbios_family_arm_lm4_Timer_startupNeeded__C                  
000045d1  ti_sysbios_family_arm_lm4_Timer_startup__E                        
000049f9  ti_sysbios_family_arm_lm4_Timer_stop__E                           
00004e79  ti_sysbios_family_arm_lm4_Timer_write__I                          
00007414  ti_sysbios_family_arm_m3_Hwi_E_NMI__C                             
00007418  ti_sysbios_family_arm_m3_Hwi_E_alreadyDefined__C                  
0000741c  ti_sysbios_family_arm_m3_Hwi_E_busFault__C                        
00007420  ti_sysbios_family_arm_m3_Hwi_E_debugMon__C                        
00007424  ti_sysbios_family_arm_m3_Hwi_E_hardFault__C                       
00007428  ti_sysbios_family_arm_m3_Hwi_E_memFault__C                        
0000742c  ti_sysbios_family_arm_m3_Hwi_E_noIsr__C                           
00007430  ti_sysbios_family_arm_m3_Hwi_E_reserved__C                        
00007434  ti_sysbios_family_arm_m3_Hwi_E_svCall__C                          
00007438  ti_sysbios_family_arm_m3_Hwi_E_usageFault__C                      
000050e5  ti_sysbios_family_arm_m3_Hwi_Handle__label__S                     
00004851  ti_sysbios_family_arm_m3_Hwi_Instance_finalize__E                 
00003329  ti_sysbios_family_arm_m3_Hwi_Instance_init__E                     
[...]
00005635  ti_sysbios_family_arm_lm4_Timer_masterDisable__I                  
00005641  ti_sysbios_family_arm_m3_Hwi_doSwiRestore__I                      
00005649  ti_sysbios_family_arm_m3_Hwi_startup__E                           
00005649  ti_sysbios_hal_Hwi_HwiProxy_startup__E                            
00005649  ti_sysbios_hal_Hwi_startup__E                                     
00005651  GPIOPinWrite                                                      
00005657  ti_catalog_arm_cortexm4_tiva_ce_Boot_sysCtlDelayI__I              
00005661  ti_sysbios_family_arm_m3_Hwi_doTaskRestore__I                     
00005669  ti_sysbios_family_arm_m3_Hwi_restoreFxn__E                        
00005669  ti_sysbios_hal_Hwi_HwiProxy_restore__E                            
00005671  ti_sysbios_gates_GateHwi_leave__E                                 
00005679  ti_sysbios_heaps_HeapMem_isBlocking__E                            
00005681  ti_sysbios_knl_Queue_Instance_init__E                             
00005689  ti_sysbios_knl_Swi_startup__E                                     
0000568f  xdc_runtime_System_Module_startup__E                              
00005699  ti_sysbios_gates_GateHwi_query__E                                 
00005699  xdc_runtime_Main_Module_GateProxy_query__E                        
00005699  xdc_runtime_System_Module_GateProxy_query__E                      
000056a1  ti_sysbios_BIOS_RtsGateProxy_query__E                             
000056a1  ti_sysbios_gates_GateMutex_query__E                               
000056a1  ti_sysbios_heaps_HeapMem_Module_GateProxy_query__E                
000056a9  ti_sysbios_knl_Task_startup__E                                    
000056b1  ti_sysbios_gates_GateHwi_Instance_init__E                         
000056b9  ti_sysbios_knl_Clock_logTick__E                                   
000056bc  xdc_runtime_Text_charTab__A                                       
00006f1d  xdc_runtime_Error_policy__C                                       
00006f1e  xdc_runtime_Text_nodeTab__A                                       
00006fda  ti_catalog_arm_cortexm4_tiva_ce_Boot_Module__id__C                
0000712c  ti_sysbios_knl_Task_Object__PARAMS__C                             
00007168  ti_sysbios_family_arm_m3_Hwi_Object__PARAMS__C                    
00007198  ti_sysbios_heaps_HeapMem_Module__FXNS__C                          
000071c0  ti_sysbios_gates_GateHwi_Module__FXNS__C                          
000071e4  ti_sysbios_gates_GateMutex_Module__FXNS__C                        
00007208  ti_sysbios_heaps_HeapMem_Object__PARAMS__C                        
0000722c  ti_sysbios_knl_Semaphore_Object__PARAMS__C                        
00007250  ti_sysbios_family_arm_m3_Hwi_Object__DESC__C                      
00007270  ti_sysbios_gates_GateHwi_Object__DESC__C                          
00007290  ti_sysbios_gates_GateMutex_Object__DESC__C                        
000072b0  ti_sysbios_heaps_HeapMem_Object__DESC__C                          
000072d0  ti_sysbios_knl_Queue_Object__DESC__C                              
000072f0  ti_sysbios_knl_Semaphore_Object__DESC__C                          
00007310  ti_sysbios_knl_Task_Object__DESC__C                               
00007330  xdc_runtime_Startup_sfxnTab__A                                    
00007350  ti_sysbios_gates_GateHwi_Object__PARAMS__C                        
00007368  ti_sysbios_gates_GateMutex_Object__PARAMS__C                      
00007380  ti_sysbios_knl_Queue_Object__PARAMS__C                            
00007398  GPIOTiva_config                                                   
000073ac  xdc_runtime_Startup_firstFxns__A                                  
000073c0  xdc_runtime_Startup_sfxnRts__A                                    
000073d0  ti_sysbios_family_arm_m3_Hwi_excHookFuncs__A                      
000073d8  ti_sysbios_knl_Idle_funcList__A                                   
000073e0  ti_sysbios_knl_Idle_funcList__C                                   
000073e8  xdc_runtime_Startup_firstFxns__C                                  
000073f0  xdc_runtime_Startup_lastFxns__C                                   
000073f8  ti_catalog_arm_cortexm4_tiva_ce_Boot_A_mustUseEnhancedClockMode__C
000073fc  ti_catalog_arm_cortexm4_tiva_ce_Boot_Module__diagsEnabled__C      
00007400  ti_catalog_arm_cortexm4_tiva_ce_Boot_Module__diagsIncluded__C     
00007404  ti_catalog_arm_cortexm4_tiva_ce_Boot_Module__diagsMask__C         
00007408  ti_sysbios_family_arm_lm4_Timer_enableFunc__C                     
0000740c  ti_sysbios_family_arm_lm4_Timer_numTimerDevices__C                
00007410  ti_sysbios_family_arm_lm4_Timer_startupNeeded__C                  
00007414  ti_sysbios_family_arm_m3_Hwi_E_NMI__C                             
00007418  ti_sysbios_family_arm_m3_Hwi_E_alreadyDefined__C                  
0000741c  ti_sysbios_family_arm_m3_Hwi_E_busFault__C                        
00007420  ti_sysbios_family_arm_m3_Hwi_E_debugMon__C                        
00007424  ti_sysbios_family_arm_m3_Hwi_E_hardFault__C                       
00007428  ti_sysbios_family_arm_m3_Hwi_E_memFault__C                        
0000742c  ti_sysbios_family_arm_m3_Hwi_E_noIsr__C                           
00007430  ti_sysbios_family_arm_m3_Hwi_E_reserved__C                        
00007434  ti_sysbios_family_arm_m3_Hwi_E_svCall__C                          
00007438  ti_sysbios_family_arm_m3_Hwi_E_usageFault__C                      
0000743c  ti_sysbios_family_arm_m3_Hwi_NUM_INTERRUPTS__C                    
00007440  ti_sysbios_family_arm_m3_Hwi_Object__count__C                     
00007444  ti_sysbios_family_arm_m3_Hwi_ccr__C                               
00007448  ti_sysbios_family_arm_m3_Hwi_excHandlerFunc__C                    
0000744c  ti_sysbios_family_arm_m3_Hwi_excHookFuncs__C                      
00007450  ti_sysbios_family_arm_m3_Hwi_nullIsrFunc__C                       
00007454  ti_sysbios_family_arm_m3_Hwi_priGroup__C                          
00007458  ti_sysbios_family_arm_m3_TaskSupport_stackAlignment__C            
0000745c  ti_sysbios_gates_GateMutex_A_badContext__C                        
00007460  ti_sysbios_gates_GateMutex_Instance_State_sem__O                  
00007464  ti_sysbios_gates_GateMutex_Module__diagsEnabled__C                
00007468  ti_sysbios_gates_GateMutex_Module__diagsIncluded__C               
0000746c  ti_sysbios_gates_GateMutex_Module__diagsMask__C                   
00007470  ti_sysbios_hal_Hwi_E_stackOverflow__C                             
00007474  ti_sysbios_heaps_HeapMem_A_align__C                               
00007478  ti_sysbios_heaps_HeapMem_A_heapSize__C                            
0000747c  ti_sysbios_heaps_HeapMem_A_invalidFree__C                         
00007480  ti_sysbios_heaps_HeapMem_A_zeroBlock__C                           
00007484  ti_sysbios_heaps_HeapMem_E_memory__C                              
00007488  ti_sysbios_heaps_HeapMem_Module__diagsEnabled__C                  
0000748c  ti_sysbios_heaps_HeapMem_Module__diagsIncluded__C                 
00007490  ti_sysbios_heaps_HeapMem_Module__diagsMask__C                     
00007494  ti_sysbios_heaps_HeapMem_Module__gateObj__C                       
00007498  ti_sysbios_heaps_HeapMem_Object__count__C                         
0000749c  ti_sysbios_heaps_HeapMem_reqAlign__C                              
000074a0  ti_sysbios_knl_Clock_Module_State_clockQ__O                       
000074a4  ti_sysbios_knl_Semaphore_A_badContext__C                          
000074a8  ti_sysbios_knl_Semaphore_A_noEvents__C                            
000074ac  ti_sysbios_knl_Semaphore_A_overflow__C                            
000074b0  ti_sysbios_knl_Semaphore_A_pendTaskDisabled__C                    
000074b4  ti_sysbios_knl_Semaphore_Instance_State_pendQ__O                  
000074b8  ti_sysbios_knl_Semaphore_Module__diagsEnabled__C                  
000074bc  ti_sysbios_knl_Semaphore_Module__diagsIncluded__C                 
000074c0  ti_sysbios_knl_Semaphore_Module__diagsMask__C                     
000074c4  ti_sysbios_knl_Swi_Object__count__C                               
000074c8  ti_sysbios_knl_Task_A_badPriority__C                              
000074cc  ti_sysbios_knl_Task_A_badTaskState__C                             
000074d0  ti_sysbios_knl_Task_A_badThreadType__C                            
000074d4  ti_sysbios_knl_Task_A_badTimeout__C                               
000074d8  ti_sysbios_knl_Task_A_noPendElem__C                               
000074dc  ti_sysbios_knl_Task_A_sleepTaskDisabled__C                        
000074e0  ti_sysbios_knl_Task_E_spOutOfBounds__C                            
000074e4  ti_sysbios_knl_Task_E_stackOverflow__C                            
000074e8  ti_sysbios_knl_Task_Module_State_inactiveQ__O                     
000074ec  ti_sysbios_knl_Task_Module__diagsEnabled__C                       
000074f0  ti_sysbios_knl_Task_Module__diagsIncluded__C                      
000074f4  ti_sysbios_knl_Task_Module__diagsMask__C                          
000074f8  ti_sysbios_knl_Task_Object__count__C                              
000074fc  ti_sysbios_knl_Task_allBlockedFunc__C                             
00007500  ti_sysbios_knl_Task_defaultStackHeap__C                           
00007504  ti_sysbios_knl_Task_defaultStackSize__C                           
00007508  ti_sysbios_knl_Task_numConstructedTasks__C                        
0000750c  xdc_runtime_Assert_E_assertFailed__C                              
00007510  xdc_runtime_Core_A_initializedParams__C                           
00007514  xdc_runtime_Core_Module__diagsEnabled__C                          
00007518  xdc_runtime_Core_Module__diagsIncluded__C                         
0000751c  xdc_runtime_Core_Module__diagsMask__C                             
00007520  xdc_runtime_Error_E_memory__C                                     
00007524  xdc_runtime_Error_Module__diagsEnabled__C                         
00007528  xdc_runtime_Error_Module__diagsIncluded__C                        
0000752c  xdc_runtime_Error_Module__diagsMask__C                            
00007530  xdc_runtime_Error_Module__loggerFxn8__C                           
00007534  xdc_runtime_Error_Module__loggerObj__C                            
00007538  xdc_runtime_Error_policyFxn__C                                    
0000753c  xdc_runtime_Error_raiseHook__C                                    
00007540  xdc_runtime_IGateProvider_Interface__BASE__C                      
00007544  xdc_runtime_IHeap_Interface__BASE__C                              
00007548  xdc_runtime_IModule_Interface__BASE__C                            
0000754c  xdc_runtime_Log_L_error__C                                        
00007550  xdc_runtime_Memory_defaultHeapInstance__C                         
00007554  xdc_runtime_Startup_execImpl__C                                   
00007558  xdc_runtime_Startup_maxPasses__C                                  
0000755c  xdc_runtime_Startup_sfxnRts__C                                    
00007560  xdc_runtime_Startup_sfxnTab__C                                    
00007564  xdc_runtime_SysMin_bufSize__C                                     
00007568  xdc_runtime_SysMin_outputFunc__C                                  
0000756c  xdc_runtime_System_Module__gateObj__C                             
00007570  xdc_runtime_System_abortFxn__C                                    
00007574  xdc_runtime_System_exitFxn__C                                     
00007578  xdc_runtime_System_extendFxn__C                                   
0000757c  xdc_runtime_System_maxAtexitHandlers__C                           
00007580  xdc_runtime_Text_charTab__C                                       
00007584  xdc_runtime_Text_nameEmpty__C                                     
00007588  xdc_runtime_Text_nameStatic__C                                    
0000758c  xdc_runtime_Text_nameUnknown__C                                   
00007590  xdc_runtime_Text_nodeTab__C                                       
00007594  xdc_runtime_Text_visitRopeFxn__C                                  
00007598  ti_sysbios_family_arm_m3_Hwi_Module__id__C                        
0000759a  ti_sysbios_gates_GateMutex_Module__id__C                          
0000759c  ti_sysbios_hal_Hwi_Module__id__C                                  
0000759e  ti_sysbios_heaps_HeapMem_Module__id__C                            
000075a0  ti_sysbios_knl_Semaphore_Module__id__C                            
000075a2  ti_sysbios_knl_Task_Module__id__C                                 
000075a4  xdc_runtime_Core_Module__id__C                                    
000075a6  xdc_runtime_Error_Module__loggerDefined__C                        
000075a8  xdc_runtime_Error_maxDepth__C                                     
000075aa  xdc_runtime_Memory_Module__id__C                                  
000075ac  xdc_runtime_SysMin_flushAtExit__C                                 
000075ae  xdc_runtime_Text_charCnt__C                                       
000075b0  xdc_runtime_Text_isLoaded__C                                      
000075b2  xdc_runtime_Text_registryModsLastId__C                            
000075b4  xdc_runtime_Text_unnamedModsLastId__C                             
000075b8  __TI_static_base__                                                
0000779c  __TI_Handler_Table_Base                                           
000077a8  __TI_Handler_Table_Limit                                          
000077b8  __TI_CINIT_Base                                                   
000077d0  __TI_CINIT_Limit                                                  
20000000  __start___llvm_prf_cnts                                           
20000000  __stop___llvm_prf_cnts                                            
20000000  ti_sysbios_family_arm_m3_Hwi_ramVectors                           
20000360  ti_sysbios_heaps_HeapMem_Instance_State_0_buf__A                  
20000760  ti_sysbios_family_arm_m3_Hwi_dispatchTable                        
20000ac0  ti_sysbios_knl_Task_Instance_State_0_stack__A                     
20000cc0  __CIOBUF_                                                         
20000de0  task1Stack                                                        
20000ee0  task2Stack                                                        
20000fe0  task3Stack                                                        
200010e0  task4Stack                                                        
200011e0  task5Stack                                                        
200012e0  task6Stack                                                        
20001470  xdc_runtime_SysMin_Module_State_0_outbuf__A                       
200014f0  task1Struct                                                       
20001540  task2Struct                                                       
20001590  task3Struct                                                       
200015e0  task4Struct                                                       
20001630  task5Struct                                                       
20001680  task6Struct                                                       
200016d0  parmbuf                                                           
200016dc  task1Handle                                                       
200016e0  task2Handle                                                       
200016e4  task3Handle                                                       
200016e8  task4Handle                                                       
200016ec  task5Handle                                                       
200016f0  task6Handle                                                       
200016f4  ti_sysbios_knl_Swi_Module_State_0_readyQ__A                       
20001774  ti_sysbios_knl_Task_Module_State_0_readyQ__A                      
200017f4  ti_sysbios_knl_Task_Object__table__V                              
20001840  ti_sysbios_knl_Task_Module__state__V                              
20001884  ti_sysbios_family_arm_lm4_Timer_Object__table__V                  
200018c4  ti_sysbios_gates_GateMutex_Object__table__V                       
200018fc  ti_sysbios_family_arm_m3_Hwi_Module__state__V                     
20001930  gpioPinConfigs                                                    
20001960  ti_sysbios_family_arm_lm4_Timer_Module_State_0_device__A          
20001990  ti_sysbios_knl_Swi_Object__table__V                               
200019c0  ti_sysbios_knl_Clock_Module__state__V                             
200019ec  ti_sysbios_BIOS_Module__state__V                                  
20001a10  ti_sysbios_knl_Swi_Module__state__V                               
20001a2c  ti_sysbios_family_arm_lm4_Timer_Module_State_0_handles__A         
20001a44  ti_sysbios_family_arm_m3_Hwi_Object__table__V                     
20001a5c  ti_sysbios_heaps_HeapMem_Object__table__V                         
20001a74  ti_sysbios_family_arm_lm4_Timer_Module__state__V                  
20001a80  xdc_runtime_SysMin_Module__state__V                               
20001a8c  _lock                                                             
20001a90  _unlock                                                           
20001a94  gpioCallbackFunctions                                             
20001a9c  ti_sysbios_family_arm_m3_Hwi_Module__root__V                      
20001aa4  ti_sysbios_gates_GateHwi_Module__root__V                          
20001aac  ti_sysbios_gates_GateMutex_Module__root__V                        
20001ab4  ti_sysbios_heaps_HeapMem_Module__root__V                          
20001abc  ti_sysbios_knl_Queue_Module__root__V                              
20001ac4  ti_sysbios_knl_Semaphore_Module__root__V                          
20001acc  ti_sysbios_knl_Task_Module__root__V                               
20001ad4  xdc_runtime_Registry_Module__state__V                             
20001adc  xdc_runtime_Startup_Module__state__V                              
20001ae4  xdc_runtime_System_Module_State_0_atexitHandlers__A               
20001aec  xdc_runtime_System_Module__state__V                               
20001afa  ti_sysbios_family_arm_m3_Hwi_Module_State_0_excActive__A          
20001afc  main_func_sp                                                      
20001b00  ti_sysbios_family_arm_m3_Hwi_Module_State_0_excContext__A         
20001b04  ti_sysbios_family_arm_m3_Hwi_Module_State_0_excStack__A           
20001b08  ti_sysbios_gates_GateHwi_Object__table__V                         
20001b0c  ti_sysbios_knl_Task_Module_State_0_idleTask__A                    
20001b10  xdc_runtime_Memory_Module__state__V                               
20001b14  xdc_runtime_Error_Module__state__V                                
20001b18  __stack                                                           
20001e18  __STACK_END                                                       
e000e000  ti_sysbios_family_arm_m3_Hwi_nvic                                 
ffffffff  __TI_pprof_out_hndl                                               
ffffffff  __TI_prof_data_size                                               
ffffffff  __TI_prof_data_start                                              
ffffffff  __binit__                                                         
ffffffff  __c_args__                                                        
ffffffff  binit                                                             
UNDEFED   SHT$$INIT_ARRAY$$Base                                             
UNDEFED   SHT$$INIT_ARRAY$$Limit                                            

[569 symbols]
