******************************************************************************
                  TI ARM Linker PC v20.2.7                     
******************************************************************************
>> Linked Sun Feb 19 15:56:43 2023

OUTPUT FILE NAME:   <empty_EK_TM4C123GXL_TI.out>
ENTRY POINT SYMBOL: "_c_int00"  address: 00003cb9


MEMORY CONFIGURATION

         name            origin    length      used     unused   attr    fill
----------------------  --------  ---------  --------  --------  ----  --------
  FLASH                 00000000   00040000  000075c0  00038a40  R  X
  SRAM                  20000000   00008000  00001cfe  00006302  RW X


SEGMENT ALLOCATION MAP

run origin  load origin   length   init length attrs members
----------  ----------- ---------- ----------- ----- -------
00000000    00000000    000075c8   000075c8    r-x
  00000000    00000000    0000003c   0000003c    r-- .resetVecs
  00000040    00000040    000054fa   000054fa    r-x .text
  0000553c    0000553c    00001e8a   00001e8a    r-- .const
  000073c8    000073c8    00000200   00000200    r-- .cinit
20000000    20000000    00001d00   00000000    rw-
  20000000    20000000    00000360   00000000    rw- .vecs
  20000360    20000360    00001298   00000000    rw- .bss
  200015f8    200015f8    00000406   00000000    rw- .data
  20001a00    20001a00    00000300   00000000    rw- .stack


SECTION ALLOCATION MAP

 output                                  attributes/
section   page    origin      length       input sections
--------  ----  ----------  ----------   ----------------
.text      0    00000040    000054fa     
                  00000040    00000430     sysbios.aem4f : BIOS.obj (.text:ti_sysbios_family_arm_m3_Hwi_excDumpRegs__I)
                  00000470    0000034c     ti.targets.arm.rtsarm.aem4f : System.oem4f (.text:xdc_runtime_System_doPrint__I)
                  000007bc    00000004     rtsv7M4_T_le_v4SPD16_eabi.lib : exit.c.obj (.text:abort:abort)
                  000007c0    000002d0     sysbios.aem4f : BIOS.obj (.text:ti_sysbios_knl_Semaphore_pend__E)
                  00000a90    0000026c                   : BIOS.obj (.text:ti_sysbios_heaps_HeapMem_free__E)
                  00000cfc    00000004     empty_pem4f.oem4f (.text:ti_sysbios_BIOS_RtsGateProxy_enter__E)
                  00000d00    00000250     sysbios.aem4f : BIOS.obj (.text:ti_sysbios_heaps_HeapMem_alloc__E)
                  00000f50    00000234                   : BIOS.obj (.text:ti_sysbios_knl_Task_Instance_finalize__E)
                  00001184    00000004     empty_pem4f.oem4f (.text:ti_sysbios_BIOS_RtsGateProxy_leave__E)
                  00001188    000001f4     sysbios.aem4f : BIOS.obj (.text:ti_sysbios_family_arm_m3_Hwi_excHandlerMax__I)
                  0000137c    00000004                   : BIOS.obj (.text:ti_sysbios_family_arm_lm4_Timer_masterEnable__I)
                  00001380    000001f0                   : BIOS.obj (.text:ti_sysbios_knl_Task_sleep__E)
                  00001570    000001c0                   : BIOS.obj (.text:ti_sysbios_knl_Task_Instance_init__E)
                  00001730    00000174                   : BIOS.obj (.text:ti_sysbios_family_arm_m3_Hwi_excBusFault__I)
                  000018a4    00000004     empty_pem4f.oem4f (.text:ti_sysbios_family_arm_m3_TaskSupport_Module__startupDone__S)
                  000018a8    00000164     sysbios.aem4f : BIOS.obj (.text:ti_sysbios_family_arm_m3_Hwi_excUsageFault__I)
                  00001a0c    00000150     drivers_tivaware.aem4f : GPIOTiva.oem4f (.text:GPIO_setConfig)
                  00001b5c    00000004     empty_pem4f.oem4f (.text:ti_sysbios_heaps_HeapMem_Module_GateProxy_enter__E)
                  00001b60    00000148     sysbios.aem4f : BIOS.obj (.text:ti_sysbios_family_arm_m3_Hwi_excMemFault__I)
                  00001ca8    00000140     empty.obj (.text:main)
                  00001de8    0000013c     sysbios.aem4f : BIOS.obj (.text:ti_sysbios_heaps_HeapMem_Instance_init__E)
                  00001f24    00000004     empty_pem4f.oem4f (.text:ti_sysbios_heaps_HeapMem_Module_GateProxy_leave__E)
                  00001f28    00000134     sysbios.aem4f : BIOS.obj (.text:ti_sysbios_family_arm_lm4_Timer_start__E)
                  0000205c    00000130     driverlib.lib : gpio.obj (.text:GPIOPadConfigSet)
                  0000218c    00000118     ti.targets.arm.rtsarm.aem4f : Error.oem4f (.text:xdc_runtime_Error_policyDefault__E)
                  000022a4    00000100     Boot.aem4f : Boot_sysctl.oem4f (.text:ti_catalog_arm_cortexm4_tiva_ce_Boot_sysCtlClockSetI__I)
                  000023a4    00000100     ti.targets.arm.rtsarm.aem4f : Core-mem.oem4f (.text:xdc_runtime_Core_createObject__I)
                  000024a4    000000f8                                 : Startup.oem4f (.text:xdc_runtime_Startup_startMods__I)
                  0000259c    000000f8     empty_pem4f.oem4f (.text:xdc_runtime_System_printfExtend__I)
                  00002694    000000f4     sysbios.aem4f : m3_Hwi_asm.obj (.text:ti_sysbios_family_arm_m3_Hwi_dispatch__I)
                  00002788    000000ec                   : BIOS.obj (.text:ti_sysbios_knl_Semaphore_post__E)
                  00002874    000000cc     ti.targets.arm.rtsarm.aem4f : Core-smem.oem4f (.text:xdc_runtime_Core_constructObject__I)
                  00002940    000000bc     sysbios.aem4f : BIOS.obj (.text:ti_sysbios_family_arm_m3_Hwi_excDebugMon__I)
                  000029fc    00000004     empty_pem4f.oem4f (.text:ti_sysbios_knl_Clock_TimerProxy_getMaxTicks__E)
                  00002a00    000000bc     sysbios.aem4f : BIOS.obj (.text:ti_sysbios_family_arm_m3_Hwi_excHardFault__I)
                  00002abc    00000004     empty_pem4f.oem4f (.text:ti_sysbios_knl_Queue_destruct)
                  00002ac0    000000b4     sysbios.aem4f : BIOS.obj (.text:ti_sysbios_gates_GateMutex_enter__E)
                  00002b74    00000004     empty_pem4f.oem4f (.text:ti_sysbios_knl_Semaphore_destruct)
                  00002b78    000000b4     sysbios.aem4f : BIOS.obj (.text:ti_sysbios_knl_Task_checkStacks__E)
                  00002c2c    00000004     ti.targets.arm.rtsarm.aem4f : Error.oem4f (.text:xdc_runtime_Error_getSite__E)
                  00002c30    000000ac     sysbios.aem4f : BIOS.obj (.text:ti_sysbios_family_arm_lm4_Timer_enableTiva__I)
                  00002cdc    00000004     empty_pem4f.oem4f (.text:xdc_runtime_System_Module_GateProxy_enter__E)
                  00002ce0    000000a8     sysbios.aem4f : BIOS.obj (.text:ti_sysbios_family_arm_lm4_Timer_enableTimers__I)
                  00002d88    000000a8                   : BIOS.obj (.text:ti_sysbios_knl_Task_postInit__I)
                  00002e30    000000a0     auto_init.aem4f : auto_init.oem4f (.text)
                  00002ed0    000000a0     ti.targets.arm.rtsarm.aem4f : Text.oem4f (.text:xdc_runtime_Text_putMod__E)
                  00002f70    0000009c     rtsv7M4_T_le_v4SPD16_eabi.lib : memcpy_t2.asm.obj (.text)
                  0000300c    00000004     empty_pem4f.oem4f (.text:xdc_runtime_System_Module_GateProxy_leave__E)
                  00003010    0000009c     sysbios.aem4f : BIOS.obj (.text:ti_sysbios_knl_Semaphore_Instance_init__E)
                  000030ac    0000009a     ti.targets.arm.rtsarm.aem4f : Text.oem4f (.text:xdc_runtime_Text_putSite__E)
                  00003146    00000002     rtsv7M4_T_le_v4SPD16_eabi.lib : _lock.c.obj (.text:_nop)
                  00003148    00000098     Boot.aem4f : Boot.oem4f (.text:ti_catalog_arm_cortexm4_tiva_ce_Boot_sysCtlClockSet__E)
                  000031e0    00000094     sysbios.aem4f : BIOS.obj (.text:ti_sysbios_family_arm_m3_Hwi_Instance_init__E)
                  00003274    00000004     ti.targets.arm.rtsarm.aem4f : System.oem4f (.text:xdc_runtime_System_aprintf_va__F)
                  00003278    00000094     sysbios.aem4f : BIOS.obj (.text:ti_sysbios_family_arm_m3_Hwi_initNVIC__E)
                  0000330c    0000008c     drivers_tivaware.aem4f : GPIOTiva.oem4f (.text:GPIO_init)
                  00003398    0000008c     sysbios.aem4f : m3_TaskSupport_asm.obj (.text:ti_sysbios_family_arm_m3_TaskSupport_buildTaskStack)
                  00003424    00000004     ti.targets.arm.rtsarm.aem4f : System.oem4f (.text:xdc_runtime_System_printf_va__F)
                  00003428    00000084     sysbios.aem4f : BIOS.obj (.text:ti_sysbios_family_arm_m3_Hwi_postInit__I)
                  000034ac    0000007a     rtsv7M4_T_le_v4SPD16_eabi.lib : memset_t2.asm.obj (.text)
                  00003526    00000002                                   : div0.asm.obj (.text)
                  00003528    00000070     sysbios.aem4f : BIOS.obj (.text:ti_sysbios_knl_Clock_workFunc__E)
                  00003598    00000070                   : BIOS.obj (.text:ti_sysbios_knl_Task_exit__E)
                  00003608    0000006d     ti.targets.arm.rtsarm.aem4f : System.oem4f (.text:xdc_runtime_System_formatNum__I)
                  00003675    00000001     --HOLE-- [fill = 0]
                  00003676    00000002     empty_pem4f.oem4f (.text:ti_sysbios_BIOS_nullFunc__I)
                  00003678    0000006c     sysbios.aem4f : BIOS.obj (.text:ti_sysbios_knl_Swi_restoreHwi__E)
                  000036e4    0000006c     ti.targets.arm.rtsarm.aem4f : Error.oem4f (.text:xdc_runtime_Error_print__E)
                  00003750    0000006c                                 : Memory.oem4f (.text:xdc_runtime_Memory_alloc__E)
                  000037bc    00000068     rtsv7M4_T_le_v4SPD16_eabi.lib : copy_decompress_lzss.c.obj (.text:decompress:lzss:__TI_decompress_lzss)
                  00003824    00000066     ti.targets.arm.rtsarm.aem4f : Core-mem.oem4f (.text:xdc_runtime_Core_deleteObject__I)
                  0000388a    00000002     empty_pem4f.oem4f (.text:xdc_runtime_Startup_reset__I)
                  0000388c    00000064     drivers_tivaware.aem4f : GPIOTiva.oem4f (.text:GPIO_hwiIntFxn)
                  000038f0    00000064     sysbios.aem4f : BIOS.obj (.text:ti_sysbios_family_arm_lm4_Timer_Module_startup__E)
                  00003954    00000064     empty_pem4f.oem4f (.text:ti_sysbios_family_arm_m3_Hwi_create)
                  000039b8    00000064     sysbios.aem4f : BIOS.obj (.text:ti_sysbios_family_arm_m3_Hwi_dispatchC__I)
                  00003a1c    00000004     --HOLE-- [fill = 0]
                  00003a20    00000060                   : BIOS.obj (.text:ti_sysbios_family_arm_lm4_Timer_isrStub__E)
                  00003a80    00000060                   : BIOS.obj (.text:ti_sysbios_knl_Task_schedule__I)
                  00003ae0    0000005c                   : BIOS.obj (.text:ti_sysbios_knl_Swi_run__I)
                  00003b3c    00000004     --HOLE-- [fill = 0]
                  00003b40    0000005c                   : BIOS.obj (.text:ti_sysbios_knl_Swi_schedule__I)
                  00003b9c    00000004     --HOLE-- [fill = 0]
                  00003ba0    0000005c                   : BIOS.obj (.text:ti_sysbios_knl_Task_Module_startup__E)
                  00003bfc    00000004     --HOLE-- [fill = 0]
                  00003c00    0000005c                   : BIOS.obj (.text:ti_sysbios_knl_Task_startCore__E)
                  00003c5c    0000005b     ti.targets.arm.rtsarm.aem4f : Text.oem4f (.text:xdc_runtime_Text_putLab__E)
                  00003cb7    00000001     --HOLE-- [fill = 0]
                  00003cb8    00000058     boot.aem4f : boot.oem4f (.text)
                  00003d10    00000058     rtsv7M4_T_le_v4SPD16_eabi.lib : hostwrite.c.obj (.text:HOSTwrite)
                  00003d68    00000058     sysbios.aem4f : m3_Hwi_asm_switch.obj (.text:ti_sysbios_family_arm_m3_Hwi_initStacks__E)
                  00003dc0    00000056     driverlib.lib : gpio.obj (.text:GPIOIntTypeSet)
                  00003e16    00000002     --HOLE-- [fill = 0]
                  00003e18    00000054     empty_pem4f.oem4f (.text:ti_sysbios_knl_Task_construct)
                  00003e6c    00000054     ti.targets.arm.rtsarm.aem4f : Assert.oem4f (.text:xdc_runtime_Assert_raise__I)
                  00003ec0    00000050     drivers_tivaware.aem4f : GPIOTiva.oem4f (.text:GPIO_setCallback)
                  00003f10    00000050                            : GPIOTiva.oem4f (.text:GPIO_toggle)
                  00003f60    00000050                            : GPIOTiva.oem4f (.text:GPIO_write)
                  00003fb0    00000050     sysbios.aem4f : BIOS.obj (.text:ti_sysbios_family_arm_m3_Hwi_Module_startup__E)
                  00004000    00000050     ti.targets.arm.rtsarm.aem4f : Startup.oem4f (.text:xdc_runtime_Startup_exec__E)
                  00004050    00000050                                 : Text.oem4f (.text:xdc_runtime_Text_visitRope2__I)
                  000040a0    0000004c     rtsv7M4_T_le_v4SPD16_eabi.lib : cpy_tbl.c.obj (.text:copy_in)
                  000040ec    00000004     --HOLE-- [fill = 0]
                  000040f0    0000004c     sysbios.aem4f : BIOS.obj (.text:ti_sysbios_heaps_HeapMem_getStats__E)
                  0000413c    00000004     --HOLE-- [fill = 0]
                  00004140    0000004c                   : BIOS.obj (.text:ti_sysbios_knl_Swi_runLoop__I)
                  0000418c    00000004     --HOLE-- [fill = 0]
                  00004190    0000004c                   : BIOS.obj (.text:ti_sysbios_knl_Task_allBlockedFunction__I)
                  000041dc    00000004     --HOLE-- [fill = 0]
                  000041e0    00000048                   : BIOS.obj (.text:ti_sysbios_family_arm_m3_Hwi_disableInterrupt__E)
                  00004228    00000048                   : BIOS.obj (.text:ti_sysbios_family_arm_m3_Hwi_enableInterrupt__E)
                  00004270    00000048                   : BIOS.obj (.text:ti_sysbios_family_arm_m3_Hwi_excReserved__I)
                  000042b8    00000046     ti.targets.arm.rtsarm.aem4f : Core-params.oem4f (.text:xdc_runtime_Core_assignParams__I)
                  000042fe    00000002     --HOLE-- [fill = 0]
                  00004300    00000044     sysbios.aem4f : BIOS.obj (.text:ti_sysbios_family_arm_m3_Hwi_getStackInfo__E)
                  00004344    00000004     --HOLE-- [fill = 0]
                  00004348    00000044                   : BIOS.obj (.text:ti_sysbios_knl_Swi_post__E)
                  0000438c    00000044     ti.targets.arm.rtsarm.aem4f : Error.oem4f (.text:xdc_runtime_Error_setX__E)
                  000043d0    00000044                                 : SysMin.oem4f (.text:xdc_runtime_SysMin_flush__E)
                  00004414    00000044                                 : Text.oem4f (.text:xdc_runtime_Text_xprintf__I)
                  00004458    00000040     EK_TM4C123GXL.obj (.text:EK_TM4C123GXL_initGeneral)
                  00004498    00000040     rtsv7M4_T_le_v4SPD16_eabi.lib : u_divt2.asm.obj (.text)
                  000044d8    00000040     sysbios.aem4f : BIOS.obj (.text:ti_sysbios_family_arm_lm4_Timer_startup__E)
                  00004518    0000003c                   : BIOS.obj (.text:ti_sysbios_family_arm_m3_Hwi_excSvCall__I)
                  00004554    00000004     --HOLE-- [fill = 0]
                  00004558    0000003c                   : BIOS.obj (.text:ti_sysbios_heaps_HeapMem_init__I)
                  00004594    00000004     --HOLE-- [fill = 0]
                  00004598    0000003c                   : BIOS.obj (.text:ti_sysbios_knl_Swi_restore__E)
                  000045d4    00000038     rtsv7M4_T_le_v4SPD16_eabi.lib : trgmsg.c.obj (.text:__TI_writemsg)
                  0000460c    00000004     --HOLE-- [fill = 0]
                  00004610    00000038     sysbios.aem4f : BIOS.obj (.text:ti_sysbios_family_arm_m3_Hwi_excNoIsr__I)
                  00004648    00000038                   : BIOS.obj (.text:ti_sysbios_knl_Task_processVitalTaskFlag__I)
                  00004680    00000038     ti.targets.arm.rtsarm.aem4f : SysMin.oem4f (.text:xdc_runtime_SysMin_putch__E)
                  000046b8    00000038                                 : System.oem4f (.text:xdc_runtime_System_atexit__E)
                  000046f0    00000034     driverlib.lib : sysctl.obj (.text:SysCtlPeripheralEnable)
                  00004724    00000034     rtsv7M4_T_le_v4SPD16_eabi.lib : trgmsg.c.obj (.text:__TI_readmsg)
                  00004758    00000034     sysbios.aem4f : BIOS.obj (.text:ti_sysbios_family_arm_m3_Hwi_Instance_finalize__E)
                  0000478c    00000004     --HOLE-- [fill = 0]
                  00004790    00000034                   : BIOS.obj (.text:ti_sysbios_family_arm_m3_Hwi_excNmi__I)
                  000047c4    00000004     --HOLE-- [fill = 0]
                  000047c8    00000034                   : BIOS.obj (.text:ti_sysbios_hal_Hwi_checkStack)
                  000047fc    00000034     ti.targets.arm.rtsarm.aem4f : Core-label.oem4f (.text:xdc_runtime_Core_assignLabel__I)
                  00004830    00000033                                 : Text.oem4f (.text:xdc_runtime_Text_printVisFxn__I)
                  00004863    00000005     --HOLE-- [fill = 0]
                  00004868    00000032     sysbios.aem4f : BIOS.obj (.text:ti_sysbios_hal_Hwi_initStack)
                  0000489a    00000002     --HOLE-- [fill = 0]
                  0000489c    00000030     EK_TM4C123GXL.obj (.text:EK_TM4C123GXL_initGPIO)
                  000048cc    00000030     empty_pem4f.oem4f (.text:ti_sysbios_BIOS_atExitFunc__I)
                  000048fc    00000004     --HOLE-- [fill = 0]
                  00004900    00000030     sysbios.aem4f : BIOS.obj (.text:ti_sysbios_family_arm_lm4_Timer_stop__E)
                  00004930    00000030                   : BIOS.obj (.text:ti_sysbios_family_arm_m3_TaskSupport_start__E)
                  00004960    00000030     empty_pem4f.oem4f (.text:ti_sysbios_gates_GateHwi_Object__create__S)
                  00004990    00000030     empty_pem4f.oem4f (.text:ti_sysbios_gates_GateMutex_Object__create__S)
                  000049c0    00000030     empty_pem4f.oem4f (.text:ti_sysbios_heaps_HeapMem_Object__create__S)
                  000049f0    00000030     empty_pem4f.oem4f (.text:ti_sysbios_knl_Semaphore_construct)
                  00004a20    00000030     sysbios.aem4f : BIOS.obj (.text:ti_sysbios_knl_Semaphore_pendTimeout__I)
                  00004a50    00000030                   : BIOS.obj (.text:ti_sysbios_knl_Task_unblockI__E)
                  00004a80    00000030     ti.targets.arm.rtsarm.aem4f : SysMin.oem4f (.text:xdc_runtime_SysMin_abort__E)
                  00004ab0    00000030                                 : System.oem4f (.text:xdc_runtime_System_processAtExit__E)
                  00004ae0    0000002c     empty_pem4f.oem4f (.text:ti_sysbios_knl_Clock_doTick__I)
                  00004b0c    0000002c     empty_pem4f.oem4f (.text:ti_sysbios_knl_Queue_construct)
                  00004b38    0000002c     sysbios.aem4f : BIOS.obj (.text:ti_sysbios_knl_Task_restore__E)
                  00004b64    0000002c     ti.targets.arm.rtsarm.aem4f : Text.oem4f (.text:xdc_runtime_Text_cordText__E)
                  00004b90    0000002a     driverlib.lib : gpio.obj (.text:GPIODirModeSet)
                  00004bba    0000002a     ti.targets.arm.rtsarm.aem4f : System.oem4f (.text:xdc_runtime_System_putchar__I)
                  00004be4    00000004     --HOLE-- [fill = 0]
                  00004be8    00000028     sysbios.aem4f : BIOS.obj (.text:ti_sysbios_knl_Swi_Module_startup__E)
                  00004c10    00000026                   : m3_Hwi_asm.obj (.text:ti_sysbios_family_arm_m3_Hwi_pendSV__I)
                  00004c36    00000026     ti.targets.arm.rtsarm.aem4f : System.oem4f (.text:xdc_runtime_System_avprintf__E)
                  00004c5c    00000024     empty_pem4f.oem4f (.text:ti_sysbios_BIOS_errorRaiseHook__I)
                  00004c80    00000024     empty_pem4f.oem4f (.text:ti_sysbios_BIOS_registerRTSLock__I)
                  00004ca4    00000024     empty_pem4f.oem4f (.text:ti_sysbios_BIOS_removeRTSLock__I)
                  00004cc8    00000024     empty_pem4f.oem4f (.text:ti_sysbios_BIOS_startFunc__I)
                  00004cec    00000024     empty_pem4f.oem4f (.text:ti_sysbios_gates_GateMutex_Object__delete__S)
                  00004d10    00000024     sysbios.aem4f : BIOS.obj (.text:ti_sysbios_knl_Clock_Module_startup__E)
                  00004d34    00000004     --HOLE-- [fill = 0]
                  00004d38    00000024                   : BIOS.obj (.text:ti_sysbios_knl_Task_restoreHwi__E)
                  00004d5c    00000024     ti.targets.arm.rtsarm.aem4f : System.oem4f (.text:xdc_runtime_System_vprintf__E)
                  00004d80    00000022     sysbios.aem4f : BIOS.obj (.text:ti_sysbios_family_arm_lm4_Timer_write__I)
                  00004da2    00000022     empty_pem4f.oem4f (.text:xdc_runtime_SysMin_output__I)
                  00004dc4    00000020     empty_pem4f.oem4f (.text:ti_sysbios_BIOS_rtsLock__I)
                  00004de4    00000020     sysbios.aem4f : m3_Hwi_asm.obj (.text:ti_sysbios_family_arm_m3_Hwi_excHandlerAsm__I)
                  00004e04    00000004     --HOLE-- [fill = 0]
                  00004e08    00000020                   : BIOS.obj (.text:ti_sysbios_family_arm_m3_Hwi_excHandler__I)
                  00004e28    00000020     empty_pem4f.oem4f (.text:ti_sysbios_gates_GateHwi_Object__delete__S)
                  00004e48    00000020     empty_pem4f.oem4f (.text:ti_sysbios_heaps_HeapMem_Object__delete__S)
                  00004e68    00000020     sysbios.aem4f : BIOS.obj (.text:ti_sysbios_knl_Idle_run__E)
                  00004e88    00000020     empty_pem4f.oem4f (.text:ti_sysbios_knl_Semaphore_Object__destruct__S)
                  00004ea8    00000020     ti.targets.arm.rtsarm.aem4f : Registry.oem4f (.text:xdc_runtime_Registry_findById__E)
                  00004ec8    00000020                                 : SysMin.oem4f (.text:xdc_runtime_SysMin_Module_startup__E)
                  00004ee8    0000001e     sysbios.aem4f : m3_Hwi_asm_switch.obj (.text:ti_sysbios_family_xxx_Hwi_switchAndRunFunc)
                  00004f06    0000001c     drivers_tivaware.aem4f : GPIOTiva.oem4f (.text:getGpioIntIndex)
                  00004f22    00000006     driverlib.lib : gpio.obj (.text:GPIOIntClear)
                  00004f28    0000001c     sysbios.aem4f : BIOS.obj (.text:ti_sysbios_gates_GateMutex_Instance_init__E)
                  00004f44    0000001c     empty_pem4f.oem4f (.text:ti_sysbios_knl_Queue_Object__destruct__S)
                  00004f60    0000001c     sysbios.aem4f : BIOS.obj (.text:ti_sysbios_knl_Task_enter__I)
                  00004f7c    0000001c     ti.targets.arm.rtsarm.aem4f : Error.oem4f (.text:xdc_runtime_Error_raiseX__E)
                  00004f98    0000001c                                 : Memory.oem4f (.text:xdc_runtime_Memory_valloc__E)
                  00004fb4    0000001c                                 : SysMin.oem4f (.text:xdc_runtime_SysMin_exit__E)
                  00004fd0    0000001c                                 : System.oem4f (.text:xdc_runtime_System_abort__E)
                  00004fec    0000001a     empty_pem4f.oem4f (.text:ti_sysbios_family_arm_m3_Hwi_Handle__label__S)
                  00005006    0000001a     empty_pem4f.oem4f (.text:ti_sysbios_gates_GateHwi_Handle__label__S)
                  00005020    0000001a     empty_pem4f.oem4f (.text:ti_sysbios_gates_GateMutex_Handle__label__S)
                  0000503a    0000001a     empty_pem4f.oem4f (.text:ti_sysbios_heaps_HeapMem_Handle__label__S)
                  00005054    0000001a     empty_pem4f.oem4f (.text:ti_sysbios_knl_Swi_Handle__label__S)
                  0000506e    0000001a     empty_pem4f.oem4f (.text:ti_sysbios_knl_Task_Handle__label__S)
                  00005088    0000001a     empty_pem4f.oem4f (.text:xdc_runtime_System_aprintf__E)
                  000050a2    0000001a     empty_pem4f.oem4f (.text:xdc_runtime_System_printf__E)
                  000050bc    00000018     rtsv7M4_T_le_v4SPD16_eabi.lib : args_main.c.obj (.text:_args_main)
                  000050d4    00000018     empty_pem4f.oem4f (.text:ti_sysbios_BIOS_rtsUnlock__I)
                  000050ec    00000018     empty_pem4f.oem4f (.text:ti_sysbios_family_arm_lm4_Timer_Module__startupDone__F)
                  00005104    00000018     empty_pem4f.oem4f (.text:ti_sysbios_family_arm_m3_Hwi_Module__startupDone__F)
                  0000511c    00000018     sysbios.aem4f : m3_TaskSupport_asm.obj (.text:ti_sysbios_family_arm_m3_TaskSupport_swap__E)
                  00005134    00000004     --HOLE-- [fill = 0]
                  00005138    00000018                   : BIOS.obj (.text:ti_sysbios_gates_GateMutex_leave__E)
                  00005150    00000018                   : BIOS.obj (.text:ti_sysbios_knl_Task_sleepTimeout__I)
                  00005168    00000018     ti.targets.arm.rtsarm.aem4f : Error.oem4f (.text:xdc_runtime_Error_check__E)
                  00005180    00000018                                 : System.oem4f (.text:xdc_runtime_System_exit__E)
                  00005198    00000018                                 : Text.oem4f (.text:xdc_runtime_Text_ropeText__E)
                  000051b0    00000016     empty_pem4f.oem4f (.text:ti_sysbios_BIOS_exitFunc__I)
                  000051c6    00000016     empty.obj (.text:ti_sysbios_knl_Task_Params_init)
                  000051dc    00000014     empty.obj (.text:blinky1)
                  000051f0    00000014     empty.obj (.text:blinky2)
                  00005204    00000014     empty.obj (.text:blinky3)
                  00005218    00000014     rtsv7M4_T_le_v4SPD16_eabi.lib : strlen.c.obj (.text:strlen)
                  0000522c    00000014     empty_pem4f.oem4f (.text:ti_sysbios_family_arm_m3_Hwi_Object__get__S)
                  00005240    00000014     sysbios.aem4f : BIOS.obj (.text:ti_sysbios_family_arm_m3_Hwi_switchFromBootStack__E)
                  00005254    00000014     empty_pem4f.oem4f (.text:ti_sysbios_heaps_HeapMem_Object__get__S)
                  00005268    00000014     empty_pem4f.oem4f (.text:ti_sysbios_knl_Swi_Object__get__S)
                  0000527c    00000012     driverlib.lib : gpio.obj (.text:GPIOPinTypeGPIOInput)
                  0000528e    00000002     --HOLE-- [fill = 0]
                  00005290    00000012     sysbios.aem4f : BIOS.obj (.text:ti_sysbios_hal_Hwi_Module_startup__E)
                  000052a2    00000012     empty_pem4f.oem4f (.text:xdc_runtime_Startup_exec__I)
                  000052b4    00000004     --HOLE-- [fill = 0]
                  000052b8    00000010     sysbios.aem4f : BIOS.obj (.text:ti_sysbios_BIOS_setThreadType__E)
                  000052c8    00000010                   : BIOS.obj (.text:ti_sysbios_BIOS_start__E)
                  000052d8    00000010                   : m3_TaskSupport_asm.obj (.text:ti_sysbios_family_arm_m3_TaskSupport_glue)
                  000052e8    00000010                   : BIOS.obj (.text:ti_sysbios_gates_GateMutex_Instance_finalize__E)
                  000052f8    00000010                   : BIOS.obj (.text:ti_sysbios_knl_Semaphore_Instance_finalize__E)
                  00005308    00000010                   : BIOS.obj (.text:ti_sysbios_knl_Swi_disable__E)
                  00005318    00000010     empty_pem4f.oem4f (.text:ti_sysbios_knl_Task_Object__get__S)
                  00005328    00000010     sysbios.aem4f : BIOS.obj (.text:ti_sysbios_knl_Task_disable__E)
                  00005338    00000010     ti.targets.arm.rtsarm.aem4f : Gate.oem4f (.text:xdc_runtime_Gate_leaveSystem__E)
                  00005348    00000010                                 : Memory.oem4f (.text:xdc_runtime_Memory_free__E)
                  00005358    00000010                                 : SysMin.oem4f (.text:xdc_runtime_SysMin_ready__E)
                  00005368    00000010                                 : System.oem4f (.text:xdc_runtime_System_vsnprintf__E)
                  00005378    00000010     empty_pem4f.oem4f (.text:xdc_runtime_Text_visitRope__I)
                  00005388    0000000e     driverlib.lib : gpio.obj (.text:GPIOIntStatus)
                  00005396    0000000e     rtsv7M4_T_le_v4SPD16_eabi.lib : copy_decompress_none.c.obj (.text:decompress:none:__TI_decompress_none)
                  000053a4    00000004     --HOLE-- [fill = 0]
                  000053a8    0000000e     sysbios.aem4f : BIOS.obj (.text:ti_sysbios_knl_Idle_loop__E)
                  000053b6    00000002     --HOLE-- [fill = 0]
                  000053b8    0000000e                   : BIOS.obj (.text:ti_sysbios_knl_Queue_empty__E)
                  000053c6    00000002     --HOLE-- [fill = 0]
                  000053c8    0000000c     empty_pem4f.oem4f (.text:.bootCodeSection:ti_catalog_arm_cortexm4_tiva_ce_Boot_init__I)
                  000053d4    0000000c     rtsv7M4_T_le_v4SPD16_eabi.lib : _lock.c.obj (.text:_register_lock)
                  000053e0    0000000c                                   : _lock.c.obj (.text:_register_unlock)
                  000053ec    0000000c                                   : copy_zero_init.c.obj (.text:decompress:ZI:__TI_zero_init)
                  000053f8    0000000c     sysbios.aem4f : BIOS.obj (.text:ti_sysbios_family_arm_lm4_Timer_getMaxTicks__E)
                  00005404    0000000c     empty_pem4f.oem4f (.text:ti_sysbios_family_arm_m3_Hwi_Params__init__S)
                  00005410    0000000c     sysbios.aem4f : BIOS.obj (.text:ti_sysbios_family_arm_m3_Hwi_disableFxn__E)
                  0000541c    00000004     --HOLE-- [fill = 0]
                  00005420    0000000c                   : BIOS.obj (.text:ti_sysbios_family_arm_m3_TaskSupport_checkStack__E)
                  0000542c    00000004     --HOLE-- [fill = 0]
                  00005430    0000000c                   : BIOS.obj (.text:ti_sysbios_family_arm_m3_TaskSupport_getStackAlignment__E)
                  0000543c    00000004     --HOLE-- [fill = 0]
                  00005440    0000000c                   : BIOS.obj (.text:ti_sysbios_gates_GateHwi_enter__E)
                  0000544c    0000000c     empty_pem4f.oem4f (.text:ti_sysbios_knl_Queue_Object__get__S)
                  00005458    0000000c     empty_pem4f.oem4f (.text:ti_sysbios_knl_Task_Params__init__S)
                  00005464    0000000c     empty.obj (.text:ti_sysbios_knl_Task_handle)
                  00005470    0000000c     ti.targets.arm.rtsarm.aem4f : Error.oem4f (.text:xdc_runtime_Error_init__E)
                  0000547c    0000000c                                 : Gate.oem4f (.text:xdc_runtime_Gate_enterSystem__E)
                  00005488    0000000c                                 : Memory.oem4f (.text:xdc_runtime_Memory_calloc__E)
                  00005494    0000000c                                 : Memory.oem4f (.text:xdc_runtime_Memory_getMaxDefaultTypeAlign__E)
                  000054a0    0000000a     empty_pem4f.oem4f (.text:xdc_runtime_IHeap_alloc)
                  000054aa    0000000a     empty_pem4f.oem4f (.text:xdc_runtime_IHeap_free)
                  000054b4    00000008     sysbios.aem4f : BIOS.obj (.text:ti_sysbios_family_arm_lm4_Timer_masterDisable__I)
                  000054bc    00000004     --HOLE-- [fill = 0]
                  000054c0    00000008                   : BIOS.obj (.text:ti_sysbios_family_arm_m3_Hwi_doSwiRestore__I)
                  000054c8    00000008                   : BIOS.obj (.text:ti_sysbios_family_arm_m3_Hwi_startup__E)
                  000054d0    00000006     driverlib.lib : gpio.obj (.text:GPIOPinRead)
                  000054d6    00000006                   : gpio.obj (.text:GPIOPinWrite)
                  000054dc    00000006     Boot.aem4f : Boot_sysctl.oem4f (.text:ti_catalog_arm_cortexm4_tiva_ce_Boot_sysCtlDelayI__I)
                  000054e2    00000006     ti.targets.arm.rtsarm.aem4f : System.oem4f (.text:xdc_runtime_System_Module_startup__E)
                  000054e8    00000006     sysbios.aem4f : BIOS.obj (.text:ti_sysbios_family_arm_m3_Hwi_doTaskRestore__I)
                  000054ee    00000002     --HOLE-- [fill = 0]
                  000054f0    00000006                   : BIOS.obj (.text:ti_sysbios_family_arm_m3_Hwi_restoreFxn__E)
                  000054f6    00000002     --HOLE-- [fill = 0]
                  000054f8    00000006                   : BIOS.obj (.text:ti_sysbios_gates_GateHwi_leave__E)
                  000054fe    00000002     --HOLE-- [fill = 0]
                  00005500    00000006                   : BIOS.obj (.text:ti_sysbios_heaps_HeapMem_isBlocking__E)
                  00005506    00000002     --HOLE-- [fill = 0]
                  00005508    00000006                   : BIOS.obj (.text:ti_sysbios_knl_Queue_Instance_init__E)
                  0000550e    00000002     --HOLE-- [fill = 0]
                  00005510    00000006                   : BIOS.obj (.text:ti_sysbios_knl_Swi_startup__E)
                  00005516    00000002     --HOLE-- [fill = 0]
                  00005518    00000004                   : BIOS.obj (.text:ti_sysbios_gates_GateHwi_query__E)
                  0000551c    00000004     --HOLE-- [fill = 0]
                  00005520    00000004                   : BIOS.obj (.text:ti_sysbios_gates_GateMutex_query__E)
                  00005524    00000004     --HOLE-- [fill = 0]
                  00005528    00000004                   : BIOS.obj (.text:ti_sysbios_knl_Task_startup__E)
                  0000552c    00000004     --HOLE-- [fill = 0]
                  00005530    00000002                   : BIOS.obj (.text:ti_sysbios_gates_GateHwi_Instance_init__E)
                  00005532    00000006     --HOLE-- [fill = 0]
                  00005538    00000002                   : BIOS.obj (.text:ti_sysbios_knl_Clock_logTick__E)

.const     0    0000553c    00001e8a     
                  0000553c    00001861     empty_pem4f.oem4f (.const:xdc_runtime_Text_charTab__A)
                  00006d9d    00000001     empty_pem4f.oem4f (.const:xdc_runtime_Error_policy__C)
                  00006d9e    000000bc     empty_pem4f.oem4f (.const:xdc_runtime_Text_nodeTab__A)
                  00006e5a    00000054     drivers_tivaware.aem4f : GPIOTiva.oem4f (.const:.string)
                  00006eae    00000002     empty_pem4f.oem4f (.const:ti_catalog_arm_cortexm4_tiva_ce_Boot_Module__id__C)
                  00006eb0    00000048     empty_pem4f.oem4f (.const:.string)
                  00006ef8    00000048     drivers_tivaware.aem4f : GPIOTiva.oem4f (.const:gpioBaseAddresses)
                  00006f40    0000003c     empty_pem4f.oem4f (.const:ti_sysbios_knl_Task_Object__PARAMS__C)
                  00006f7c    00000030     empty_pem4f.oem4f (.const:ti_sysbios_family_arm_m3_Hwi_Object__PARAMS__C)
                  00006fac    00000028     empty_pem4f.oem4f (.const:ti_sysbios_heaps_HeapMem_Module__FXNS__C)
                  00006fd4    00000024     empty_pem4f.oem4f (.const:ti_sysbios_gates_GateHwi_Module__FXNS__C)
                  00006ff8    00000024     empty_pem4f.oem4f (.const:ti_sysbios_gates_GateMutex_Module__FXNS__C)
                  0000701c    00000024     empty_pem4f.oem4f (.const:ti_sysbios_heaps_HeapMem_Object__PARAMS__C)
                  00007040    00000024     empty_pem4f.oem4f (.const:ti_sysbios_knl_Semaphore_Object__PARAMS__C)
                  00007064    00000020     empty_pem4f.oem4f (.const:ti_sysbios_family_arm_m3_Hwi_Object__DESC__C)
                  00007084    00000020     empty_pem4f.oem4f (.const:ti_sysbios_gates_GateHwi_Object__DESC__C)
                  000070a4    00000020     empty_pem4f.oem4f (.const:ti_sysbios_gates_GateMutex_Object__DESC__C)
                  000070c4    00000020     empty_pem4f.oem4f (.const:ti_sysbios_heaps_HeapMem_Object__DESC__C)
                  000070e4    00000020     empty_pem4f.oem4f (.const:ti_sysbios_knl_Queue_Object__DESC__C)
                  00007104    00000020     empty_pem4f.oem4f (.const:ti_sysbios_knl_Semaphore_Object__DESC__C)
                  00007124    00000020     empty_pem4f.oem4f (.const:ti_sysbios_knl_Task_Object__DESC__C)
                  00007144    00000020     empty_pem4f.oem4f (.const:xdc_runtime_Startup_sfxnTab__A)
                  00007164    00000018     empty_pem4f.oem4f (.const:ti_sysbios_gates_GateHwi_Object__PARAMS__C)
                  0000717c    00000018     empty_pem4f.oem4f (.const:ti_sysbios_gates_GateMutex_Object__PARAMS__C)
                  00007194    00000018     empty_pem4f.oem4f (.const:ti_sysbios_knl_Queue_Object__PARAMS__C)
                  000071ac    00000014     EK_TM4C123GXL.obj (.const:GPIOTiva_config)
                  000071c0    00000014     empty_pem4f.oem4f (.const:xdc_runtime_Startup_firstFxns__A)
                  000071d4    00000010     empty_pem4f.oem4f (.const:xdc_runtime_Startup_sfxnRts__A)
                  000071e4    00000008     empty_pem4f.oem4f (.const:ti_sysbios_family_arm_m3_Hwi_excHookFuncs__A)
                  000071ec    00000008     empty_pem4f.oem4f (.const:ti_sysbios_knl_Idle_funcList__C)
                  000071f4    00000008     empty_pem4f.oem4f (.const:xdc_runtime_Startup_firstFxns__C)
                  000071fc    00000008     empty_pem4f.oem4f (.const:xdc_runtime_Startup_lastFxns__C)
                  00007204    00000004     empty_pem4f.oem4f (.const:ti_catalog_arm_cortexm4_tiva_ce_Boot_A_mustUseEnhancedClockMode__C)
                  00007208    00000004     empty_pem4f.oem4f (.const:ti_catalog_arm_cortexm4_tiva_ce_Boot_Module__diagsEnabled__C)
                  0000720c    00000004     empty_pem4f.oem4f (.const:ti_catalog_arm_cortexm4_tiva_ce_Boot_Module__diagsIncluded__C)
                  00007210    00000004     empty_pem4f.oem4f (.const:ti_catalog_arm_cortexm4_tiva_ce_Boot_Module__diagsMask__C)
                  00007214    00000004     empty_pem4f.oem4f (.const:ti_sysbios_family_arm_lm4_Timer_enableFunc__C)
                  00007218    00000004     empty_pem4f.oem4f (.const:ti_sysbios_family_arm_lm4_Timer_numTimerDevices__C)
                  0000721c    00000004     empty_pem4f.oem4f (.const:ti_sysbios_family_arm_lm4_Timer_startupNeeded__C)
                  00007220    00000004     empty_pem4f.oem4f (.const:ti_sysbios_family_arm_m3_Hwi_E_NMI__C)
                  00007224    00000004     empty_pem4f.oem4f (.const:ti_sysbios_family_arm_m3_Hwi_E_alreadyDefined__C)
                  00007228    00000004     empty_pem4f.oem4f (.const:ti_sysbios_family_arm_m3_Hwi_E_busFault__C)
                  0000722c    00000004     empty_pem4f.oem4f (.const:ti_sysbios_family_arm_m3_Hwi_E_debugMon__C)
                  00007230    00000004     empty_pem4f.oem4f (.const:ti_sysbios_family_arm_m3_Hwi_E_hardFault__C)
                  00007234    00000004     empty_pem4f.oem4f (.const:ti_sysbios_family_arm_m3_Hwi_E_memFault__C)
                  00007238    00000004     empty_pem4f.oem4f (.const:ti_sysbios_family_arm_m3_Hwi_E_noIsr__C)
                  0000723c    00000004     empty_pem4f.oem4f (.const:ti_sysbios_family_arm_m3_Hwi_E_reserved__C)
                  00007240    00000004     empty_pem4f.oem4f (.const:ti_sysbios_family_arm_m3_Hwi_E_svCall__C)
                  00007244    00000004     empty_pem4f.oem4f (.const:ti_sysbios_family_arm_m3_Hwi_E_usageFault__C)
                  00007248    00000004     empty_pem4f.oem4f (.const:ti_sysbios_family_arm_m3_Hwi_NUM_INTERRUPTS__C)
                  0000724c    00000004     empty_pem4f.oem4f (.const:ti_sysbios_family_arm_m3_Hwi_Object__count__C)
                  00007250    00000004     empty_pem4f.oem4f (.const:ti_sysbios_family_arm_m3_Hwi_ccr__C)
                  00007254    00000004     empty_pem4f.oem4f (.const:ti_sysbios_family_arm_m3_Hwi_excHandlerFunc__C)
                  00007258    00000004     empty_pem4f.oem4f (.const:ti_sysbios_family_arm_m3_Hwi_excHookFuncs__C)
                  0000725c    00000004     empty_pem4f.oem4f (.const:ti_sysbios_family_arm_m3_Hwi_nullIsrFunc__C)
                  00007260    00000004     empty_pem4f.oem4f (.const:ti_sysbios_family_arm_m3_Hwi_priGroup__C)
                  00007264    00000004     empty_pem4f.oem4f (.const:ti_sysbios_family_arm_m3_TaskSupport_stackAlignment__C)
                  00007268    00000004     empty_pem4f.oem4f (.const:ti_sysbios_gates_GateMutex_A_badContext__C)
                  0000726c    00000004     empty_pem4f.oem4f (.const:ti_sysbios_gates_GateMutex_Instance_State_sem__O)
                  00007270    00000004     empty_pem4f.oem4f (.const:ti_sysbios_gates_GateMutex_Module__diagsEnabled__C)
                  00007274    00000004     empty_pem4f.oem4f (.const:ti_sysbios_gates_GateMutex_Module__diagsIncluded__C)
                  00007278    00000004     empty_pem4f.oem4f (.const:ti_sysbios_gates_GateMutex_Module__diagsMask__C)
                  0000727c    00000004     empty_pem4f.oem4f (.const:ti_sysbios_hal_Hwi_E_stackOverflow__C)
                  00007280    00000004     empty_pem4f.oem4f (.const:ti_sysbios_heaps_HeapMem_A_align__C)
                  00007284    00000004     empty_pem4f.oem4f (.const:ti_sysbios_heaps_HeapMem_A_heapSize__C)
                  00007288    00000004     empty_pem4f.oem4f (.const:ti_sysbios_heaps_HeapMem_A_invalidFree__C)
                  0000728c    00000004     empty_pem4f.oem4f (.const:ti_sysbios_heaps_HeapMem_A_zeroBlock__C)
                  00007290    00000004     empty_pem4f.oem4f (.const:ti_sysbios_heaps_HeapMem_E_memory__C)
                  00007294    00000004     empty_pem4f.oem4f (.const:ti_sysbios_heaps_HeapMem_Module__diagsEnabled__C)
                  00007298    00000004     empty_pem4f.oem4f (.const:ti_sysbios_heaps_HeapMem_Module__diagsIncluded__C)
                  0000729c    00000004     empty_pem4f.oem4f (.const:ti_sysbios_heaps_HeapMem_Module__diagsMask__C)
                  000072a0    00000004     empty_pem4f.oem4f (.const:ti_sysbios_heaps_HeapMem_Module__gateObj__C)
                  000072a4    00000004     empty_pem4f.oem4f (.const:ti_sysbios_heaps_HeapMem_Object__count__C)
                  000072a8    00000004     empty_pem4f.oem4f (.const:ti_sysbios_heaps_HeapMem_reqAlign__C)
                  000072ac    00000004     empty_pem4f.oem4f (.const:ti_sysbios_knl_Clock_Module_State_clockQ__O)
                  000072b0    00000004     empty_pem4f.oem4f (.const:ti_sysbios_knl_Idle_funcList__A)
                  000072b4    00000004     empty_pem4f.oem4f (.const:ti_sysbios_knl_Semaphore_A_badContext__C)
                  000072b8    00000004     empty_pem4f.oem4f (.const:ti_sysbios_knl_Semaphore_A_noEvents__C)
                  000072bc    00000004     empty_pem4f.oem4f (.const:ti_sysbios_knl_Semaphore_A_overflow__C)
                  000072c0    00000004     empty_pem4f.oem4f (.const:ti_sysbios_knl_Semaphore_A_pendTaskDisabled__C)
                  000072c4    00000004     empty_pem4f.oem4f (.const:ti_sysbios_knl_Semaphore_Instance_State_pendQ__O)
                  000072c8    00000004     empty_pem4f.oem4f (.const:ti_sysbios_knl_Semaphore_Module__diagsEnabled__C)
                  000072cc    00000004     empty_pem4f.oem4f (.const:ti_sysbios_knl_Semaphore_Module__diagsIncluded__C)
                  000072d0    00000004     empty_pem4f.oem4f (.const:ti_sysbios_knl_Semaphore_Module__diagsMask__C)
                  000072d4    00000004     empty_pem4f.oem4f (.const:ti_sysbios_knl_Swi_Object__count__C)
                  000072d8    00000004     empty_pem4f.oem4f (.const:ti_sysbios_knl_Task_A_badPriority__C)
                  000072dc    00000004     empty_pem4f.oem4f (.const:ti_sysbios_knl_Task_A_badTaskState__C)
                  000072e0    00000004     empty_pem4f.oem4f (.const:ti_sysbios_knl_Task_A_badThreadType__C)
                  000072e4    00000004     empty_pem4f.oem4f (.const:ti_sysbios_knl_Task_A_badTimeout__C)
                  000072e8    00000004     empty_pem4f.oem4f (.const:ti_sysbios_knl_Task_A_noPendElem__C)
                  000072ec    00000004     empty_pem4f.oem4f (.const:ti_sysbios_knl_Task_A_sleepTaskDisabled__C)
                  000072f0    00000004     empty_pem4f.oem4f (.const:ti_sysbios_knl_Task_E_spOutOfBounds__C)
                  000072f4    00000004     empty_pem4f.oem4f (.const:ti_sysbios_knl_Task_E_stackOverflow__C)
                  000072f8    00000004     empty_pem4f.oem4f (.const:ti_sysbios_knl_Task_Module_State_inactiveQ__O)
                  000072fc    00000004     empty_pem4f.oem4f (.const:ti_sysbios_knl_Task_Module__diagsEnabled__C)
                  00007300    00000004     empty_pem4f.oem4f (.const:ti_sysbios_knl_Task_Module__diagsIncluded__C)
                  00007304    00000004     empty_pem4f.oem4f (.const:ti_sysbios_knl_Task_Module__diagsMask__C)
                  00007308    00000004     empty_pem4f.oem4f (.const:ti_sysbios_knl_Task_Object__count__C)
                  0000730c    00000004     empty_pem4f.oem4f (.const:ti_sysbios_knl_Task_allBlockedFunc__C)
                  00007310    00000004     empty_pem4f.oem4f (.const:ti_sysbios_knl_Task_defaultStackHeap__C)
                  00007314    00000004     empty_pem4f.oem4f (.const:ti_sysbios_knl_Task_defaultStackSize__C)
                  00007318    00000004     empty_pem4f.oem4f (.const:ti_sysbios_knl_Task_numConstructedTasks__C)
                  0000731c    00000004     empty_pem4f.oem4f (.const:xdc_runtime_Assert_E_assertFailed__C)
                  00007320    00000004     empty_pem4f.oem4f (.const:xdc_runtime_Core_A_initializedParams__C)
                  00007324    00000004     empty_pem4f.oem4f (.const:xdc_runtime_Core_Module__diagsEnabled__C)
                  00007328    00000004     empty_pem4f.oem4f (.const:xdc_runtime_Core_Module__diagsIncluded__C)
                  0000732c    00000004     empty_pem4f.oem4f (.const:xdc_runtime_Core_Module__diagsMask__C)
                  00007330    00000004     empty_pem4f.oem4f (.const:xdc_runtime_Error_E_memory__C)
                  00007334    00000004     empty_pem4f.oem4f (.const:xdc_runtime_Error_Module__diagsEnabled__C)
                  00007338    00000004     empty_pem4f.oem4f (.const:xdc_runtime_Error_Module__diagsIncluded__C)
                  0000733c    00000004     empty_pem4f.oem4f (.const:xdc_runtime_Error_Module__diagsMask__C)
                  00007340    00000004     empty_pem4f.oem4f (.const:xdc_runtime_Error_Module__loggerFxn8__C)
                  00007344    00000004     empty_pem4f.oem4f (.const:xdc_runtime_Error_Module__loggerObj__C)
                  00007348    00000004     empty_pem4f.oem4f (.const:xdc_runtime_Error_policyFxn__C)
                  0000734c    00000004     empty_pem4f.oem4f (.const:xdc_runtime_Error_raiseHook__C)
                  00007350    00000004     empty_pem4f.oem4f (.const:xdc_runtime_IGateProvider_Interface__BASE__C)
                  00007354    00000004     empty_pem4f.oem4f (.const:xdc_runtime_IHeap_Interface__BASE__C)
                  00007358    00000004     empty_pem4f.oem4f (.const:xdc_runtime_IModule_Interface__BASE__C)
                  0000735c    00000004     empty_pem4f.oem4f (.const:xdc_runtime_Log_L_error__C)
                  00007360    00000004     empty_pem4f.oem4f (.const:xdc_runtime_Memory_defaultHeapInstance__C)
                  00007364    00000004     empty_pem4f.oem4f (.const:xdc_runtime_Startup_execImpl__C)
                  00007368    00000004     empty_pem4f.oem4f (.const:xdc_runtime_Startup_maxPasses__C)
                  0000736c    00000004     empty_pem4f.oem4f (.const:xdc_runtime_Startup_sfxnRts__C)
                  00007370    00000004     empty_pem4f.oem4f (.const:xdc_runtime_Startup_sfxnTab__C)
                  00007374    00000004     empty_pem4f.oem4f (.const:xdc_runtime_SysMin_bufSize__C)
                  00007378    00000004     empty_pem4f.oem4f (.const:xdc_runtime_SysMin_outputFunc__C)
                  0000737c    00000004     empty_pem4f.oem4f (.const:xdc_runtime_System_Module__gateObj__C)
                  00007380    00000004     empty_pem4f.oem4f (.const:xdc_runtime_System_abortFxn__C)
                  00007384    00000004     empty_pem4f.oem4f (.const:xdc_runtime_System_exitFxn__C)
                  00007388    00000004     empty_pem4f.oem4f (.const:xdc_runtime_System_extendFxn__C)
                  0000738c    00000004     empty_pem4f.oem4f (.const:xdc_runtime_System_maxAtexitHandlers__C)
                  00007390    00000004     empty_pem4f.oem4f (.const:xdc_runtime_Text_charTab__C)
                  00007394    00000004     empty_pem4f.oem4f (.const:xdc_runtime_Text_nameEmpty__C)
                  00007398    00000004     empty_pem4f.oem4f (.const:xdc_runtime_Text_nameStatic__C)
                  0000739c    00000004     empty_pem4f.oem4f (.const:xdc_runtime_Text_nameUnknown__C)
                  000073a0    00000004     empty_pem4f.oem4f (.const:xdc_runtime_Text_nodeTab__C)
                  000073a4    00000004     empty_pem4f.oem4f (.const:xdc_runtime_Text_visitRopeFxn__C)
                  000073a8    00000002     empty_pem4f.oem4f (.const:ti_sysbios_family_arm_m3_Hwi_Module__id__C)
                  000073aa    00000002     empty_pem4f.oem4f (.const:ti_sysbios_gates_GateMutex_Module__id__C)
                  000073ac    00000002     empty_pem4f.oem4f (.const:ti_sysbios_hal_Hwi_Module__id__C)
                  000073ae    00000002     empty_pem4f.oem4f (.const:ti_sysbios_heaps_HeapMem_Module__id__C)
                  000073b0    00000002     empty_pem4f.oem4f (.const:ti_sysbios_knl_Semaphore_Module__id__C)
                  000073b2    00000002     empty_pem4f.oem4f (.const:ti_sysbios_knl_Task_Module__id__C)
                  000073b4    00000002     empty_pem4f.oem4f (.const:xdc_runtime_Core_Module__id__C)
                  000073b6    00000002     empty_pem4f.oem4f (.const:xdc_runtime_Error_Module__loggerDefined__C)
                  000073b8    00000002     empty_pem4f.oem4f (.const:xdc_runtime_Error_maxDepth__C)
                  000073ba    00000002     empty_pem4f.oem4f (.const:xdc_runtime_Memory_Module__id__C)
                  000073bc    00000002     empty_pem4f.oem4f (.const:xdc_runtime_SysMin_flushAtExit__C)
                  000073be    00000002     empty_pem4f.oem4f (.const:xdc_runtime_Text_charCnt__C)
                  000073c0    00000002     empty_pem4f.oem4f (.const:xdc_runtime_Text_isLoaded__C)
                  000073c2    00000002     empty_pem4f.oem4f (.const:xdc_runtime_Text_registryModsLastId__C)
                  000073c4    00000002     empty_pem4f.oem4f (.const:xdc_runtime_Text_unnamedModsLastId__C)

.cinit     0    000073c8    00000200     
                  000073c8    000001ca     (.cinit..data.load) [load image, compression = lzss]
                  00007592    00000002     --HOLE-- [fill = 0]
                  00007594    0000000c     (__TI_handler_table)
                  000075a0    00000008     (.cinit..bss.load) [load image, compression = zero_init]
                  000075a8    00000008     (.cinit..vecs.load) [load image, compression = zero_init]
                  000075b0    00000018     (__TI_cinit_table)

.init_array 
*          0    00000000    00000000     UNINITIALIZED

.resetVecs 
*          0    00000000    0000003c     
                  00000000    0000003c     empty_pem4f.oem4f (.resetVecs)

.bss       0    20000360    00001298     UNINITIALIZED
                  20000360    00000400     (.common:ti_sysbios_heaps_HeapMem_Instance_State_0_buf__A)
                  20000760    00000360     (.common:ti_sysbios_family_arm_m3_Hwi_dispatchTable)
                  20000ac0    00000200     empty_pem4f.oem4f (.bss:taskStackSection)
                  20000cc0    00000200     (.common:task1Stack)
                  20000ec0    00000200     (.common:task2Stack)
                  200010c0    00000200     (.common:task3Stack)
                  200012c0    00000120     rtsv7M4_T_le_v4SPD16_eabi.lib : trgmsg.c.obj (.bss:_CIOBUF_)
                  200013e0    00000090     drivers_tivaware.aem4f : GPIOTiva.oem4f (.bss:gpioCallbackInfo)
                  20001470    00000080     (.common:xdc_runtime_SysMin_Module_State_0_outbuf__A)
                  200014f0    00000050     (.common:task1Struct)
                  20001540    00000050     (.common:task2Struct)
                  20001590    00000050     (.common:task3Struct)
                  200015e0    00000008     (.common:parmbuf)
                  200015e8    00000004     (.common:gpioInterruptVectors)
                  200015ec    00000004     (.common:task1Handle)
                  200015f0    00000004     (.common:task2Handle)
                  200015f4    00000004     (.common:task3Handle)

.data      0    200015f8    00000406     UNINITIALIZED
                  200015f8    00000080     empty_pem4f.oem4f (.data:ti_sysbios_knl_Swi_Module_State_0_readyQ__A)
                  20001678    00000080     empty_pem4f.oem4f (.data:ti_sysbios_knl_Task_Module_State_0_readyQ__A)
                  200016f8    0000004c     empty_pem4f.oem4f (.data:ti_sysbios_knl_Task_Object__table__V)
                  20001744    00000044     empty_pem4f.oem4f (.data:ti_sysbios_knl_Task_Module__state__V)
                  20001788    00000040     empty_pem4f.oem4f (.data:ti_sysbios_family_arm_lm4_Timer_Object__table__V)
                  200017c8    00000038     empty_pem4f.oem4f (.data:ti_sysbios_gates_GateMutex_Object__table__V)
                  20001800    00000034     empty_pem4f.oem4f (.data:ti_sysbios_family_arm_m3_Hwi_Module__state__V)
                  20001834    00000030     empty_pem4f.oem4f (.data:ti_sysbios_family_arm_lm4_Timer_Module_State_0_device__A)
                  20001864    00000030     empty_pem4f.oem4f (.data:ti_sysbios_knl_Swi_Object__table__V)
                  20001894    0000002c     empty_pem4f.oem4f (.data:ti_sysbios_knl_Clock_Module__state__V)
                  200018c0    00000024     empty_pem4f.oem4f (.data:ti_sysbios_BIOS_Module__state__V)
                  200018e4    0000001c     empty_pem4f.oem4f (.data:ti_sysbios_knl_Swi_Module__state__V)
                  20001900    00000018     empty_pem4f.oem4f (.data:ti_sysbios_family_arm_lm4_Timer_Module_State_0_handles__A)
                  20001918    00000018     empty_pem4f.oem4f (.data:ti_sysbios_family_arm_m3_Hwi_Object__table__V)
                  20001930    00000018     empty_pem4f.oem4f (.data:ti_sysbios_heaps_HeapMem_Object__table__V)
                  20001948    00000014     EK_TM4C123GXL.obj (.data:gpioPinConfigs)
                  2000195c    0000000c     empty_pem4f.oem4f (.data:ti_sysbios_family_arm_lm4_Timer_Module__state__V)
                  20001968    0000000c     empty_pem4f.oem4f (.data:xdc_runtime_SysMin_Module__state__V)
                  20001974    00000008     rtsv7M4_T_le_v4SPD16_eabi.lib : _lock.c.obj (.data:$O1$$)
                  2000197c    00000008     EK_TM4C123GXL.obj (.data:gpioCallbackFunctions)
                  20001984    00000008     empty_pem4f.oem4f (.data:ti_sysbios_family_arm_m3_Hwi_Module__root__V)
                  2000198c    00000008     empty_pem4f.oem4f (.data:ti_sysbios_gates_GateHwi_Module__root__V)
                  20001994    00000008     empty_pem4f.oem4f (.data:ti_sysbios_gates_GateMutex_Module__root__V)
                  2000199c    00000008     empty_pem4f.oem4f (.data:ti_sysbios_heaps_HeapMem_Module__root__V)
                  200019a4    00000008     empty_pem4f.oem4f (.data:ti_sysbios_knl_Queue_Module__root__V)
                  200019ac    00000008     empty_pem4f.oem4f (.data:ti_sysbios_knl_Semaphore_Module__root__V)
                  200019b4    00000008     empty_pem4f.oem4f (.data:ti_sysbios_knl_Task_Module__root__V)
                  200019bc    00000008     empty_pem4f.oem4f (.data:xdc_runtime_Registry_Module__state__V)
                  200019c4    00000008     empty_pem4f.oem4f (.data:xdc_runtime_Startup_Module__state__V)
                  200019cc    00000008     empty_pem4f.oem4f (.data:xdc_runtime_System_Module_State_0_atexitHandlers__A)
                  200019d4    00000008     empty_pem4f.oem4f (.data:xdc_runtime_System_Module__state__V)
                  200019dc    00000005     drivers_tivaware.aem4f : GPIOTiva.oem4f (.data)
                  200019e1    00000001     --HOLE--
                  200019e2    00000002     empty_pem4f.oem4f (.data:ti_sysbios_family_arm_m3_Hwi_Module_State_0_excActive__A)
                  200019e4    00000004     rtsv7M4_T_le_v4SPD16_eabi.lib : stkdepth_vars.c.obj (.data)
                  200019e8    00000004     empty_pem4f.oem4f (.data:ti_sysbios_family_arm_m3_Hwi_Module_State_0_excContext__A)
                  200019ec    00000004     empty_pem4f.oem4f (.data:ti_sysbios_family_arm_m3_Hwi_Module_State_0_excStack__A)
                  200019f0    00000004     empty_pem4f.oem4f (.data:ti_sysbios_gates_GateHwi_Object__table__V)
                  200019f4    00000004     empty_pem4f.oem4f (.data:ti_sysbios_knl_Task_Module_State_0_idleTask__A)
                  200019f8    00000004     empty_pem4f.oem4f (.data:xdc_runtime_Memory_Module__state__V)
                  200019fc    00000002     empty_pem4f.oem4f (.data:xdc_runtime_Error_Module__state__V)

.stack     0    20001a00    00000300     UNINITIALIZED
                  20001a00    00000300     --HOLE--

.bootVecs 
*          0    00000000    00000008     DSECT
                  00000000    00000008     boot.aem4f : boot.oem4f (.bootVecs)

.vecs      0    20000000    00000360     UNINITIALIZED
                  20000000    00000360     empty_pem4f.oem4f (.vecs)

xdc.meta   0    00000000    000000e8     COPY SECTION
                  00000000    000000e8     empty_pem4f.oem4f (xdc.meta)

__llvm_prf_cnts 
*          0    20000000    00000000     UNINITIALIZED

MODULE SUMMARY

       Module                       code    ro data   rw data
       ------                       ----    -------   -------
    .\
       empty.obj                    414     0         1788   
       EK_TM4C123GXL.obj            112     20        28     
    +--+----------------------------+-------+---------+---------+
       Total:                       526     20        1816   
                                                             
    C:\Users\Derek\workspace\empty_EK_TM4C123GXL_TI\Debug\configPkg\package\cfg\
       empty_pem4f.oem4f            1654    7702      4376   
    +--+----------------------------+-------+---------+---------+
       Total:                       1654    7702      4376   
                                                             
    C:/ti/ccs1220/tirtos_tivac_2_16_01_14/products/TivaWare_C_Series-2.1.1.71b/driverlib/ccs/Debug/driverlib.lib
       gpio.obj                     482     0         0      
       sysctl.obj                   52      0         0      
    +--+----------------------------+-------+---------+---------+
       Total:                       534     0         0      
                                                             
    C:/ti/ccs1220/tirtos_tivac_2_16_01_14/products/tidrivers_tivac_2_16_01_13/packages/ti/drivers/lib/drivers_tivaware.aem4f
       GPIOTiva.oem4f               844     156       153    
    +--+----------------------------+-------+---------+---------+
       Total:                       844     156       153    
                                                             
    C:\Users\Derek\workspace\empty_EK_TM4C123GXL_TI\src\sysbios\sysbios.aem4f
       BIOS.obj                     11922   0         0      
       m3_Hwi_asm.obj               314     0         0      
       m3_TaskSupport_asm.obj       180     0         0      
       m3_Hwi_asm_switch.obj        118     0         0      
    +--+----------------------------+-------+---------+---------+
       Total:                       12534   0         0      
                                                             
    C:\ti\ccs1220\ccs\tools\compiler\ti-cgt-arm_20.2.7.LTS\lib\rtsv7M4_T_le_v4SPD16_eabi.lib
       trgmsg.c.obj                 108     0         288    
       memcpy_t2.asm.obj            156     0         0      
       memset_t2.asm.obj            122     0         0      
       copy_decompress_lzss.c.obj   104     0         0      
       hostwrite.c.obj              88      0         0      
       cpy_tbl.c.obj                76      0         0      
       u_divt2.asm.obj              64      0         0      
       _lock.c.obj                  26      0         8      
       args_main.c.obj              24      0         0      
       strlen.c.obj                 20      0         0      
       copy_decompress_none.c.obj   14      0         0      
       copy_zero_init.c.obj         12      0         0      
       hostopen.c.obj               0       0         8      
       exit.c.obj                   4       0         0      
       stkdepth_vars.c.obj          0       0         4      
       div0.asm.obj                 2       0         0      
    +--+----------------------------+-------+---------+---------+
       Total:                       820     0         308    
                                                             
    C:\ti\ccs1220\tirtos_tivac_2_16_01_14\products\bios_6_45_02_31\packages\ti\catalog\arm\cortexm4\tiva\ce\lib\Boot.aem4f
       Boot_sysctl.oem4f            262     0         0      
       Boot.oem4f                   152     0         0      
    +--+----------------------------+-------+---------+---------+
       Total:                       414     0         0      
                                                             
    C:\ti\ccs1220\tirtos_tivac_2_16_01_14\products\bios_6_45_02_31\packages\ti\targets\arm\rtsarm\lib\auto_init.aem4f
       auto_init.oem4f              160     0         0      
    +--+----------------------------+-------+---------+---------+
       Total:                       160     0         0      
                                                             
    C:\ti\ccs1220\tirtos_tivac_2_16_01_14\products\bios_6_45_02_31\packages\ti\targets\arm\rtsarm\lib\boot.aem4f
       boot.oem4f                   88      0         0      
    +--+----------------------------+-------+---------+---------+
       Total:                       88      0         0      
                                                             
    C:\ti\ccs1220\tirtos_tivac_2_16_01_14\products\bios_6_45_02_31\packages\ti\targets\arm\rtsarm\lib\ti.targets.arm.rtsarm.aem4f
       System.oem4f                 1255    0         0      
       Text.oem4f                   672     0         0      
       Error.oem4f                  524     0         0      
       Core-mem.oem4f               358     0         0      
       Startup.oem4f                328     0         0      
       SysMin.oem4f                 248     0         0      
       Core-smem.oem4f              204     0         0      
       Memory.oem4f                 176     0         0      
       Assert.oem4f                 84      0         0      
       Core-params.oem4f            70      0         0      
       Core-label.oem4f             52      0         0      
       Registry.oem4f               32      0         0      
       Gate.oem4f                   28      0         0      
    +--+----------------------------+-------+---------+---------+
       Total:                       4031    0         0      
                                                             
       Stack:                       0       0         768    
       Linker Generated:            0       510       0      
    +--+----------------------------+-------+---------+---------+
       Grand Total:                 21605   8388      7421   


LINKER GENERATED COPY TABLES

__TI_cinit_table @ 000075b0 records: 3, size/record: 8, table size: 24
	.data: load addr=000073c8, load size=000001ca bytes, run addr=200015f8, run size=00000406 bytes, compression=lzss
	.bss: load addr=000075a0, load size=00000008 bytes, run addr=20000360, run size=00001298 bytes, compression=zero_init
	.vecs: load addr=000075a8, load size=00000008 bytes, run addr=20000000, run size=00000360 bytes, compression=zero_init


LINKER GENERATED HANDLER TABLE

__TI_handler_table @ 00007594 records: 3, size/record: 4, table size: 12
	index: 0, handler: __TI_decompress_lzss
	index: 1, handler: __TI_decompress_none
	index: 2, handler: __TI_zero_init


GLOBAL SYMBOLS: SORTED ALPHABETICALLY BY Name 

address   name                                                              
-------   ----                                                              
000007bd  C$$EXIT                                                           
00004603  C$$IO$$                                                           
0000489d  EK_TM4C123GXL_initGPIO                                            
00004459  EK_TM4C123GXL_initGeneral                                         
00004b91  GPIODirModeSet                                                    
00004f23  GPIOIntClear                                                      
00005389  GPIOIntStatus                                                     
00003dc1  GPIOIntTypeSet                                                    
0000205d  GPIOPadConfigSet                                                  
000054d1  GPIOPinRead                                                       
0000527d  GPIOPinTypeGPIOInput                                              
000054d7  GPIOPinWrite                                                      
000071ac  GPIOTiva_config                                                   
0000388d  GPIO_hwiIntFxn                                                    
0000330d  GPIO_init                                                         
00003ec1  GPIO_setCallback                                                  
00001a0d  GPIO_setConfig                                                    
00003f11  GPIO_toggle                                                       
00003f61  GPIO_write                                                        
00003d11  HOSTwrite                                                         
UNDEFED   SHT$$INIT_ARRAY$$Base                                             
UNDEFED   SHT$$INIT_ARRAY$$Limit                                            
000046f1  SysCtlPeripheralEnable                                            
00000000  __ASM__                                                           
200012c0  __CIOBUF_                                                         
00000066  __ISA__                                                           
00000079  __PLAT__                                                          
20001d00  __STACK_END                                                       
00000300  __STACK_SIZE                                                      
0000009a  __TARG__                                                          
000075b0  __TI_CINIT_Base                                                   
000075c8  __TI_CINIT_Limit                                                  
00007594  __TI_Handler_Table_Base                                           
000075a0  __TI_Handler_Table_Limit                                          
00002e31  __TI_auto_init                                                    
000037bd  __TI_decompress_lzss                                              
00005397  __TI_decompress_none                                              
ffffffff  __TI_pprof_out_hndl                                               
ffffffff  __TI_prof_data_size                                               
ffffffff  __TI_prof_data_start                                              
00004725  __TI_readmsg                                                      
000073c8  __TI_static_base__                                                
000045d5  __TI_writemsg                                                     
000053ed  __TI_zero_init                                                    
000000c0  __TRDR__                                                          
00003527  __aeabi_idiv0                                                     
00003527  __aeabi_ldiv0                                                     
000034ad  __aeabi_memclr                                                    
000034ad  __aeabi_memclr4                                                   
000034ad  __aeabi_memclr8                                                   
00002f71  __aeabi_memcpy                                                    
00002f71  __aeabi_memcpy4                                                   
00002f71  __aeabi_memcpy8                                                   
000034af  __aeabi_memset                                                    
000034af  __aeabi_memset4                                                   
000034af  __aeabi_memset8                                                   
00004499  __aeabi_uidiv                                                     
00004499  __aeabi_uidivmod                                                  
ffffffff  __binit__                                                         
ffffffff  __c_args__                                                        
20001a00  __stack                                                           
20000000  __start___llvm_prf_cnts                                           
20000000  __stop___llvm_prf_cnts                                            
000050bd  _args_main                                                        
00003cb9  _c_int00                                                          
20001974  _lock                                                             
00003147  _nop                                                              
000053d5  _register_lock                                                    
000053e1  _register_unlock                                                  
20001978  _unlock                                                           
000007bd  abort                                                             
ffffffff  binit                                                             
000051dd  blinky1                                                           
000051f1  blinky2                                                           
00005205  blinky3                                                           
000040a1  copy_in                                                           
2000197c  gpioCallbackFunctions                                             
20001948  gpioPinConfigs                                                    
00001ca9  main                                                              
200019e4  main_func_sp                                                      
00002f71  memcpy                                                            
000034b5  memset                                                            
00005329  osi_TaskDisable                                                   
000052c9  osi_start                                                         
200015e0  parmbuf                                                           
00005219  strlen                                                            
200015ec  task1Handle                                                       
20000cc0  task1Stack                                                        
200014f0  task1Struct                                                       
200015f0  task2Handle                                                       
20000ec0  task2Stack                                                        
20001540  task2Struct                                                       
200015f4  task3Handle                                                       
200010c0  task3Stack                                                        
20001590  task3Struct                                                       
00007204  ti_catalog_arm_cortexm4_tiva_ce_Boot_A_mustUseEnhancedClockMode__C
00007208  ti_catalog_arm_cortexm4_tiva_ce_Boot_Module__diagsEnabled__C      
0000720c  ti_catalog_arm_cortexm4_tiva_ce_Boot_Module__diagsIncluded__C     
00007210  ti_catalog_arm_cortexm4_tiva_ce_Boot_Module__diagsMask__C         
00006eae  ti_catalog_arm_cortexm4_tiva_ce_Boot_Module__id__C                
000053c9  ti_catalog_arm_cortexm4_tiva_ce_Boot_init__I                      
000022a5  ti_catalog_arm_cortexm4_tiva_ce_Boot_sysCtlClockSetI__I           
00003149  ti_catalog_arm_cortexm4_tiva_ce_Boot_sysCtlClockSet__E            
000054dd  ti_catalog_arm_cortexm4_tiva_ce_Boot_sysCtlDelayI__I              
200018c0  ti_sysbios_BIOS_Module__state__V                                  
00005021  ti_sysbios_BIOS_RtsGateProxy_Handle__label__S                     
00004ced  ti_sysbios_BIOS_RtsGateProxy_Object__delete__S                    
00000cfd  ti_sysbios_BIOS_RtsGateProxy_enter__E                             
00001185  ti_sysbios_BIOS_RtsGateProxy_leave__E                             
00005521  ti_sysbios_BIOS_RtsGateProxy_query__E                             
000048cd  ti_sysbios_BIOS_atExitFunc__I                                     
00004c5d  ti_sysbios_BIOS_errorRaiseHook__I                                 
000051b1  ti_sysbios_BIOS_exitFunc__I                                       
00003677  ti_sysbios_BIOS_nullFunc__I                                       
00004c81  ti_sysbios_BIOS_registerRTSLock__I                                
00004ca5  ti_sysbios_BIOS_removeRTSLock__I                                  
00004dc5  ti_sysbios_BIOS_rtsLock__I                                        
000050d5  ti_sysbios_BIOS_rtsUnlock__I                                      
000052b9  ti_sysbios_BIOS_setThreadType__E                                  
00004cc9  ti_sysbios_BIOS_startFunc__I                                      
000052c9  ti_sysbios_BIOS_start__E                                          
20001834  ti_sysbios_family_arm_lm4_Timer_Module_State_0_device__A          
20001900  ti_sysbios_family_arm_lm4_Timer_Module_State_0_handles__A         
000050ed  ti_sysbios_family_arm_lm4_Timer_Module__startupDone__F            
000050ed  ti_sysbios_family_arm_lm4_Timer_Module__startupDone__S            
2000195c  ti_sysbios_family_arm_lm4_Timer_Module__state__V                  
000038f1  ti_sysbios_family_arm_lm4_Timer_Module_startup__E                 
20001788  ti_sysbios_family_arm_lm4_Timer_Object__table__V                  
00007214  ti_sysbios_family_arm_lm4_Timer_enableFunc__C                     
00002ce1  ti_sysbios_family_arm_lm4_Timer_enableTimers__I                   
00002c31  ti_sysbios_family_arm_lm4_Timer_enableTiva__I                     
000053f9  ti_sysbios_family_arm_lm4_Timer_getMaxTicks__E                    
00003a21  ti_sysbios_family_arm_lm4_Timer_isrStub__E                        
000054b5  ti_sysbios_family_arm_lm4_Timer_masterDisable__I                  
0000137d  ti_sysbios_family_arm_lm4_Timer_masterEnable__I                   
00007218  ti_sysbios_family_arm_lm4_Timer_numTimerDevices__C                
00001f29  ti_sysbios_family_arm_lm4_Timer_start__E                          
0000721c  ti_sysbios_family_arm_lm4_Timer_startupNeeded__C                  
000044d9  ti_sysbios_family_arm_lm4_Timer_startup__E                        
00004901  ti_sysbios_family_arm_lm4_Timer_stop__E                           
00004d81  ti_sysbios_family_arm_lm4_Timer_write__I                          
00007220  ti_sysbios_family_arm_m3_Hwi_E_NMI__C                             
00007224  ti_sysbios_family_arm_m3_Hwi_E_alreadyDefined__C                  
00007228  ti_sysbios_family_arm_m3_Hwi_E_busFault__C                        
0000722c  ti_sysbios_family_arm_m3_Hwi_E_debugMon__C                        
00007230  ti_sysbios_family_arm_m3_Hwi_E_hardFault__C                       
00007234  ti_sysbios_family_arm_m3_Hwi_E_memFault__C                        
00007238  ti_sysbios_family_arm_m3_Hwi_E_noIsr__C                           
0000723c  ti_sysbios_family_arm_m3_Hwi_E_reserved__C                        
00007240  ti_sysbios_family_arm_m3_Hwi_E_svCall__C                          
00007244  ti_sysbios_family_arm_m3_Hwi_E_usageFault__C                      
00004fed  ti_sysbios_family_arm_m3_Hwi_Handle__label__S                     
00004759  ti_sysbios_family_arm_m3_Hwi_Instance_finalize__E                 
000031e1  ti_sysbios_family_arm_m3_Hwi_Instance_init__E                     
200019e2  ti_sysbios_family_arm_m3_Hwi_Module_State_0_excActive__A          
200019e8  ti_sysbios_family_arm_m3_Hwi_Module_State_0_excContext__A         
200019ec  ti_sysbios_family_arm_m3_Hwi_Module_State_0_excStack__A           
000073a8  ti_sysbios_family_arm_m3_Hwi_Module__id__C                        
20001984  ti_sysbios_family_arm_m3_Hwi_Module__root__V                      
00005105  ti_sysbios_family_arm_m3_Hwi_Module__startupDone__F               
00005105  ti_sysbios_family_arm_m3_Hwi_Module__startupDone__S               
20001800  ti_sysbios_family_arm_m3_Hwi_Module__state__V                     
00003fb1  ti_sysbios_family_arm_m3_Hwi_Module_startup__E                    
00007248  ti_sysbios_family_arm_m3_Hwi_NUM_INTERRUPTS__C                    
00007064  ti_sysbios_family_arm_m3_Hwi_Object__DESC__C                      
00006f7c  ti_sysbios_family_arm_m3_Hwi_Object__PARAMS__C                    
0000724c  ti_sysbios_family_arm_m3_Hwi_Object__count__C                     
0000522d  ti_sysbios_family_arm_m3_Hwi_Object__get__S                       
20001918  ti_sysbios_family_arm_m3_Hwi_Object__table__V                     
00005405  ti_sysbios_family_arm_m3_Hwi_Params__init__S                      
00007250  ti_sysbios_family_arm_m3_Hwi_ccr__C                               
00003955  ti_sysbios_family_arm_m3_Hwi_create                               
00005411  ti_sysbios_family_arm_m3_Hwi_disableFxn__E                        
000041e1  ti_sysbios_family_arm_m3_Hwi_disableInterrupt__E                  
000039b9  ti_sysbios_family_arm_m3_Hwi_dispatchC__I                         
20000760  ti_sysbios_family_arm_m3_Hwi_dispatchTable                        
00002695  ti_sysbios_family_arm_m3_Hwi_dispatch__I                          
000054c1  ti_sysbios_family_arm_m3_Hwi_doSwiRestore__I                      
000054e9  ti_sysbios_family_arm_m3_Hwi_doTaskRestore__I                     
00004229  ti_sysbios_family_arm_m3_Hwi_enableInterrupt__E                   
00001731  ti_sysbios_family_arm_m3_Hwi_excBusFault__I                       
00002941  ti_sysbios_family_arm_m3_Hwi_excDebugMon__I                       
00000041  ti_sysbios_family_arm_m3_Hwi_excDumpRegs__I                       
00004de5  ti_sysbios_family_arm_m3_Hwi_excHandlerAsm__I                     
00007254  ti_sysbios_family_arm_m3_Hwi_excHandlerFunc__C                    
00001189  ti_sysbios_family_arm_m3_Hwi_excHandlerMax__I                     
00004e09  ti_sysbios_family_arm_m3_Hwi_excHandler__I                        
00002a01  ti_sysbios_family_arm_m3_Hwi_excHardFault__I                      
000071e4  ti_sysbios_family_arm_m3_Hwi_excHookFuncs__A                      
00007258  ti_sysbios_family_arm_m3_Hwi_excHookFuncs__C                      
00001b61  ti_sysbios_family_arm_m3_Hwi_excMemFault__I                       
00004791  ti_sysbios_family_arm_m3_Hwi_excNmi__I                            
00004611  ti_sysbios_family_arm_m3_Hwi_excNoIsr__I                          
00004271  ti_sysbios_family_arm_m3_Hwi_excReserved__I                       
00004519  ti_sysbios_family_arm_m3_Hwi_excSvCall__I                         
000018a9  ti_sysbios_family_arm_m3_Hwi_excUsageFault__I                     
00004301  ti_sysbios_family_arm_m3_Hwi_getStackInfo__E                      
00003279  ti_sysbios_family_arm_m3_Hwi_initNVIC__E                          
00003d69  ti_sysbios_family_arm_m3_Hwi_initStacks__E                        
[...]
00005431  ti_sysbios_family_arm_m3_TaskSupport_getStackAlignment__E         
00005431  ti_sysbios_knl_Task_SupportProxy_getStackAlignment__E             
00005441  ti_sysbios_gates_GateHwi_enter__E                                 
0000544d  ti_sysbios_knl_Queue_Object__get__S                               
00005459  ti_sysbios_knl_Task_Params__init__S                               
00005471  xdc_runtime_Error_init__E                                         
0000547d  xdc_runtime_Gate_enterSystem__E                                   
00005489  xdc_runtime_Memory_calloc__E                                      
00005495  xdc_runtime_Memory_getMaxDefaultTypeAlign__E                      
000054a1  xdc_runtime_Memory_HeapProxy_alloc__E                             
000054ab  xdc_runtime_Memory_HeapProxy_free__E                              
000054b5  ti_sysbios_family_arm_lm4_Timer_masterDisable__I                  
000054c1  ti_sysbios_family_arm_m3_Hwi_doSwiRestore__I                      
000054c9  ti_sysbios_family_arm_m3_Hwi_startup__E                           
000054c9  ti_sysbios_hal_Hwi_HwiProxy_startup__E                            
000054c9  ti_sysbios_hal_Hwi_startup__E                                     
000054d1  GPIOPinRead                                                       
000054d7  GPIOPinWrite                                                      
000054dd  ti_catalog_arm_cortexm4_tiva_ce_Boot_sysCtlDelayI__I              
000054e3  xdc_runtime_System_Module_startup__E                              
000054e9  ti_sysbios_family_arm_m3_Hwi_doTaskRestore__I                     
000054f1  ti_sysbios_family_arm_m3_Hwi_restoreFxn__E                        
000054f1  ti_sysbios_hal_Hwi_HwiProxy_restore__E                            
000054f9  ti_sysbios_gates_GateHwi_leave__E                                 
00005501  ti_sysbios_heaps_HeapMem_isBlocking__E                            
00005509  ti_sysbios_knl_Queue_Instance_init__E                             
00005511  ti_sysbios_knl_Swi_startup__E                                     
00005519  ti_sysbios_gates_GateHwi_query__E                                 
00005519  xdc_runtime_Main_Module_GateProxy_query__E                        
00005519  xdc_runtime_System_Module_GateProxy_query__E                      
00005521  ti_sysbios_BIOS_RtsGateProxy_query__E                             
00005521  ti_sysbios_gates_GateMutex_query__E                               
00005521  ti_sysbios_heaps_HeapMem_Module_GateProxy_query__E                
00005529  ti_sysbios_knl_Task_startup__E                                    
00005531  ti_sysbios_gates_GateHwi_Instance_init__E                         
00005539  ti_sysbios_knl_Clock_logTick__E                                   
0000553c  xdc_runtime_Text_charTab__A                                       
00006d9d  xdc_runtime_Error_policy__C                                       
00006d9e  xdc_runtime_Text_nodeTab__A                                       
00006eae  ti_catalog_arm_cortexm4_tiva_ce_Boot_Module__id__C                
00006f40  ti_sysbios_knl_Task_Object__PARAMS__C                             
00006f7c  ti_sysbios_family_arm_m3_Hwi_Object__PARAMS__C                    
00006fac  ti_sysbios_heaps_HeapMem_Module__FXNS__C                          
00006fd4  ti_sysbios_gates_GateHwi_Module__FXNS__C                          
00006ff8  ti_sysbios_gates_GateMutex_Module__FXNS__C                        
0000701c  ti_sysbios_heaps_HeapMem_Object__PARAMS__C                        
00007040  ti_sysbios_knl_Semaphore_Object__PARAMS__C                        
00007064  ti_sysbios_family_arm_m3_Hwi_Object__DESC__C                      
00007084  ti_sysbios_gates_GateHwi_Object__DESC__C                          
000070a4  ti_sysbios_gates_GateMutex_Object__DESC__C                        
000070c4  ti_sysbios_heaps_HeapMem_Object__DESC__C                          
000070e4  ti_sysbios_knl_Queue_Object__DESC__C                              
00007104  ti_sysbios_knl_Semaphore_Object__DESC__C                          
00007124  ti_sysbios_knl_Task_Object__DESC__C                               
00007144  xdc_runtime_Startup_sfxnTab__A                                    
00007164  ti_sysbios_gates_GateHwi_Object__PARAMS__C                        
0000717c  ti_sysbios_gates_GateMutex_Object__PARAMS__C                      
00007194  ti_sysbios_knl_Queue_Object__PARAMS__C                            
000071ac  GPIOTiva_config                                                   
000071c0  xdc_runtime_Startup_firstFxns__A                                  
000071d4  xdc_runtime_Startup_sfxnRts__A                                    
000071e4  ti_sysbios_family_arm_m3_Hwi_excHookFuncs__A                      
000071ec  ti_sysbios_knl_Idle_funcList__C                                   
000071f4  xdc_runtime_Startup_firstFxns__C                                  
000071fc  xdc_runtime_Startup_lastFxns__C                                   
00007204  ti_catalog_arm_cortexm4_tiva_ce_Boot_A_mustUseEnhancedClockMode__C
00007208  ti_catalog_arm_cortexm4_tiva_ce_Boot_Module__diagsEnabled__C      
0000720c  ti_catalog_arm_cortexm4_tiva_ce_Boot_Module__diagsIncluded__C     
00007210  ti_catalog_arm_cortexm4_tiva_ce_Boot_Module__diagsMask__C         
00007214  ti_sysbios_family_arm_lm4_Timer_enableFunc__C                     
00007218  ti_sysbios_family_arm_lm4_Timer_numTimerDevices__C                
0000721c  ti_sysbios_family_arm_lm4_Timer_startupNeeded__C                  
00007220  ti_sysbios_family_arm_m3_Hwi_E_NMI__C                             
00007224  ti_sysbios_family_arm_m3_Hwi_E_alreadyDefined__C                  
00007228  ti_sysbios_family_arm_m3_Hwi_E_busFault__C                        
0000722c  ti_sysbios_family_arm_m3_Hwi_E_debugMon__C                        
00007230  ti_sysbios_family_arm_m3_Hwi_E_hardFault__C                       
00007234  ti_sysbios_family_arm_m3_Hwi_E_memFault__C                        
00007238  ti_sysbios_family_arm_m3_Hwi_E_noIsr__C                           
0000723c  ti_sysbios_family_arm_m3_Hwi_E_reserved__C                        
00007240  ti_sysbios_family_arm_m3_Hwi_E_svCall__C                          
00007244  ti_sysbios_family_arm_m3_Hwi_E_usageFault__C                      
00007248  ti_sysbios_family_arm_m3_Hwi_NUM_INTERRUPTS__C                    
0000724c  ti_sysbios_family_arm_m3_Hwi_Object__count__C                     
00007250  ti_sysbios_family_arm_m3_Hwi_ccr__C                               
00007254  ti_sysbios_family_arm_m3_Hwi_excHandlerFunc__C                    
00007258  ti_sysbios_family_arm_m3_Hwi_excHookFuncs__C                      
0000725c  ti_sysbios_family_arm_m3_Hwi_nullIsrFunc__C                       
00007260  ti_sysbios_family_arm_m3_Hwi_priGroup__C                          
00007264  ti_sysbios_family_arm_m3_TaskSupport_stackAlignment__C            
00007268  ti_sysbios_gates_GateMutex_A_badContext__C                        
0000726c  ti_sysbios_gates_GateMutex_Instance_State_sem__O                  
00007270  ti_sysbios_gates_GateMutex_Module__diagsEnabled__C                
00007274  ti_sysbios_gates_GateMutex_Module__diagsIncluded__C               
00007278  ti_sysbios_gates_GateMutex_Module__diagsMask__C                   
0000727c  ti_sysbios_hal_Hwi_E_stackOverflow__C                             
00007280  ti_sysbios_heaps_HeapMem_A_align__C                               
00007284  ti_sysbios_heaps_HeapMem_A_heapSize__C                            
00007288  ti_sysbios_heaps_HeapMem_A_invalidFree__C                         
0000728c  ti_sysbios_heaps_HeapMem_A_zeroBlock__C                           
00007290  ti_sysbios_heaps_HeapMem_E_memory__C                              
00007294  ti_sysbios_heaps_HeapMem_Module__diagsEnabled__C                  
00007298  ti_sysbios_heaps_HeapMem_Module__diagsIncluded__C                 
0000729c  ti_sysbios_heaps_HeapMem_Module__diagsMask__C                     
000072a0  ti_sysbios_heaps_HeapMem_Module__gateObj__C                       
000072a4  ti_sysbios_heaps_HeapMem_Object__count__C                         
000072a8  ti_sysbios_heaps_HeapMem_reqAlign__C                              
000072ac  ti_sysbios_knl_Clock_Module_State_clockQ__O                       
000072b0  ti_sysbios_knl_Idle_funcList__A                                   
000072b4  ti_sysbios_knl_Semaphore_A_badContext__C                          
000072b8  ti_sysbios_knl_Semaphore_A_noEvents__C                            
000072bc  ti_sysbios_knl_Semaphore_A_overflow__C                            
000072c0  ti_sysbios_knl_Semaphore_A_pendTaskDisabled__C                    
000072c4  ti_sysbios_knl_Semaphore_Instance_State_pendQ__O                  
000072c8  ti_sysbios_knl_Semaphore_Module__diagsEnabled__C                  
000072cc  ti_sysbios_knl_Semaphore_Module__diagsIncluded__C                 
000072d0  ti_sysbios_knl_Semaphore_Module__diagsMask__C                     
000072d4  ti_sysbios_knl_Swi_Object__count__C                               
000072d8  ti_sysbios_knl_Task_A_badPriority__C                              
000072dc  ti_sysbios_knl_Task_A_badTaskState__C                             
000072e0  ti_sysbios_knl_Task_A_badThreadType__C                            
000072e4  ti_sysbios_knl_Task_A_badTimeout__C                               
000072e8  ti_sysbios_knl_Task_A_noPendElem__C                               
000072ec  ti_sysbios_knl_Task_A_sleepTaskDisabled__C                        
000072f0  ti_sysbios_knl_Task_E_spOutOfBounds__C                            
000072f4  ti_sysbios_knl_Task_E_stackOverflow__C                            
000072f8  ti_sysbios_knl_Task_Module_State_inactiveQ__O                     
000072fc  ti_sysbios_knl_Task_Module__diagsEnabled__C                       
00007300  ti_sysbios_knl_Task_Module__diagsIncluded__C                      
00007304  ti_sysbios_knl_Task_Module__diagsMask__C                          
00007308  ti_sysbios_knl_Task_Object__count__C                              
0000730c  ti_sysbios_knl_Task_allBlockedFunc__C                             
00007310  ti_sysbios_knl_Task_defaultStackHeap__C                           
00007314  ti_sysbios_knl_Task_defaultStackSize__C                           
00007318  ti_sysbios_knl_Task_numConstructedTasks__C                        
0000731c  xdc_runtime_Assert_E_assertFailed__C                              
00007320  xdc_runtime_Core_A_initializedParams__C                           
00007324  xdc_runtime_Core_Module__diagsEnabled__C                          
00007328  xdc_runtime_Core_Module__diagsIncluded__C                         
0000732c  xdc_runtime_Core_Module__diagsMask__C                             
00007330  xdc_runtime_Error_E_memory__C                                     
00007334  xdc_runtime_Error_Module__diagsEnabled__C                         
00007338  xdc_runtime_Error_Module__diagsIncluded__C                        
0000733c  xdc_runtime_Error_Module__diagsMask__C                            
00007340  xdc_runtime_Error_Module__loggerFxn8__C                           
00007344  xdc_runtime_Error_Module__loggerObj__C                            
00007348  xdc_runtime_Error_policyFxn__C                                    
0000734c  xdc_runtime_Error_raiseHook__C                                    
00007350  xdc_runtime_IGateProvider_Interface__BASE__C                      
00007354  xdc_runtime_IHeap_Interface__BASE__C                              
00007358  xdc_runtime_IModule_Interface__BASE__C                            
0000735c  xdc_runtime_Log_L_error__C                                        
00007360  xdc_runtime_Memory_defaultHeapInstance__C                         
00007364  xdc_runtime_Startup_execImpl__C                                   
00007368  xdc_runtime_Startup_maxPasses__C                                  
0000736c  xdc_runtime_Startup_sfxnRts__C                                    
00007370  xdc_runtime_Startup_sfxnTab__C                                    
00007374  xdc_runtime_SysMin_bufSize__C                                     
00007378  xdc_runtime_SysMin_outputFunc__C                                  
0000737c  xdc_runtime_System_Module__gateObj__C                             
00007380  xdc_runtime_System_abortFxn__C                                    
00007384  xdc_runtime_System_exitFxn__C                                     
00007388  xdc_runtime_System_extendFxn__C                                   
0000738c  xdc_runtime_System_maxAtexitHandlers__C                           
00007390  xdc_runtime_Text_charTab__C                                       
00007394  xdc_runtime_Text_nameEmpty__C                                     
00007398  xdc_runtime_Text_nameStatic__C                                    
0000739c  xdc_runtime_Text_nameUnknown__C                                   
000073a0  xdc_runtime_Text_nodeTab__C                                       
000073a4  xdc_runtime_Text_visitRopeFxn__C                                  
000073a8  ti_sysbios_family_arm_m3_Hwi_Module__id__C                        
000073aa  ti_sysbios_gates_GateMutex_Module__id__C                          
000073ac  ti_sysbios_hal_Hwi_Module__id__C                                  
000073ae  ti_sysbios_heaps_HeapMem_Module__id__C                            
000073b0  ti_sysbios_knl_Semaphore_Module__id__C                            
000073b2  ti_sysbios_knl_Task_Module__id__C                                 
000073b4  xdc_runtime_Core_Module__id__C                                    
000073b6  xdc_runtime_Error_Module__loggerDefined__C                        
000073b8  xdc_runtime_Error_maxDepth__C                                     
000073ba  xdc_runtime_Memory_Module__id__C                                  
000073bc  xdc_runtime_SysMin_flushAtExit__C                                 
000073be  xdc_runtime_Text_charCnt__C                                       
000073c0  xdc_runtime_Text_isLoaded__C                                      
000073c2  xdc_runtime_Text_registryModsLastId__C                            
000073c4  xdc_runtime_Text_unnamedModsLastId__C                             
000073c8  __TI_static_base__                                                
00007594  __TI_Handler_Table_Base                                           
000075a0  __TI_Handler_Table_Limit                                          
000075b0  __TI_CINIT_Base                                                   
000075c8  __TI_CINIT_Limit                                                  
20000000  __start___llvm_prf_cnts                                           
20000000  __stop___llvm_prf_cnts                                            
20000000  ti_sysbios_family_arm_m3_Hwi_ramVectors                           
20000360  ti_sysbios_heaps_HeapMem_Instance_State_0_buf__A                  
20000760  ti_sysbios_family_arm_m3_Hwi_dispatchTable                        
20000ac0  ti_sysbios_knl_Task_Instance_State_0_stack__A                     
20000cc0  task1Stack                                                        
20000ec0  task2Stack                                                        
200010c0  task3Stack                                                        
200012c0  __CIOBUF_                                                         
20001470  xdc_runtime_SysMin_Module_State_0_outbuf__A                       
200014f0  task1Struct                                                       
20001540  task2Struct                                                       
20001590  task3Struct                                                       
200015e0  parmbuf                                                           
200015ec  task1Handle                                                       
200015f0  task2Handle                                                       
200015f4  task3Handle                                                       
200015f8  ti_sysbios_knl_Swi_Module_State_0_readyQ__A                       
20001678  ti_sysbios_knl_Task_Module_State_0_readyQ__A                      
200016f8  ti_sysbios_knl_Task_Object__table__V                              
20001744  ti_sysbios_knl_Task_Module__state__V                              
20001788  ti_sysbios_family_arm_lm4_Timer_Object__table__V                  
200017c8  ti_sysbios_gates_GateMutex_Object__table__V                       
20001800  ti_sysbios_family_arm_m3_Hwi_Module__state__V                     
20001834  ti_sysbios_family_arm_lm4_Timer_Module_State_0_device__A          
20001864  ti_sysbios_knl_Swi_Object__table__V                               
20001894  ti_sysbios_knl_Clock_Module__state__V                             
200018c0  ti_sysbios_BIOS_Module__state__V                                  
200018e4  ti_sysbios_knl_Swi_Module__state__V                               
20001900  ti_sysbios_family_arm_lm4_Timer_Module_State_0_handles__A         
20001918  ti_sysbios_family_arm_m3_Hwi_Object__table__V                     
20001930  ti_sysbios_heaps_HeapMem_Object__table__V                         
20001948  gpioPinConfigs                                                    
2000195c  ti_sysbios_family_arm_lm4_Timer_Module__state__V                  
20001968  xdc_runtime_SysMin_Module__state__V                               
20001974  _lock                                                             
20001978  _unlock                                                           
2000197c  gpioCallbackFunctions                                             
20001984  ti_sysbios_family_arm_m3_Hwi_Module__root__V                      
2000198c  ti_sysbios_gates_GateHwi_Module__root__V                          
20001994  ti_sysbios_gates_GateMutex_Module__root__V                        
2000199c  ti_sysbios_heaps_HeapMem_Module__root__V                          
200019a4  ti_sysbios_knl_Queue_Module__root__V                              
200019ac  ti_sysbios_knl_Semaphore_Module__root__V                          
200019b4  ti_sysbios_knl_Task_Module__root__V                               
200019bc  xdc_runtime_Registry_Module__state__V                             
200019c4  xdc_runtime_Startup_Module__state__V                              
200019cc  xdc_runtime_System_Module_State_0_atexitHandlers__A               
200019d4  xdc_runtime_System_Module__state__V                               
200019e2  ti_sysbios_family_arm_m3_Hwi_Module_State_0_excActive__A          
200019e4  main_func_sp                                                      
200019e8  ti_sysbios_family_arm_m3_Hwi_Module_State_0_excContext__A         
200019ec  ti_sysbios_family_arm_m3_Hwi_Module_State_0_excStack__A           
200019f0  ti_sysbios_gates_GateHwi_Object__table__V                         
200019f4  ti_sysbios_knl_Task_Module_State_0_idleTask__A                    
200019f8  xdc_runtime_Memory_Module__state__V                               
200019fc  xdc_runtime_Error_Module__state__V                                
20001a00  __stack                                                           
20001d00  __STACK_END                                                       
e000e000  ti_sysbios_family_arm_m3_Hwi_nvic                                 
ffffffff  __TI_pprof_out_hndl                                               
ffffffff  __TI_prof_data_size                                               
ffffffff  __TI_prof_data_start                                              
ffffffff  __binit__                                                         
ffffffff  __c_args__                                                        
ffffffff  binit                                                             
UNDEFED   SHT$$INIT_ARRAY$$Base                                             
UNDEFED   SHT$$INIT_ARRAY$$Limit                                            

[553 symbols]
